Component: ARM Compiler 5.06 update 6 (build 750) Tool: armlink [4d35ed]

==============================================================================

Section Cross References

    system_stm32f10x.o(.text) refers to system_stm32f10x.o(.data) for SystemCoreClock
    startup_stm32f10x_md.o(STACK) refers (Special) to heapauxi.o(.text) for __use_two_region_memory
    startup_stm32f10x_md.o(HEAP) refers (Special) to heapauxi.o(.text) for __use_two_region_memory
    startup_stm32f10x_md.o(RESET) refers (Special) to heapauxi.o(.text) for __use_two_region_memory
    startup_stm32f10x_md.o(RESET) refers to startup_stm32f10x_md.o(STACK) for __initial_sp
    startup_stm32f10x_md.o(RESET) refers to startup_stm32f10x_md.o(.text) for Reset_Handler
    startup_stm32f10x_md.o(RESET) refers to stm32f10x_it.o(.text) for NMI_Handler
    startup_stm32f10x_md.o(RESET) refers to main.o(.text) for DMA1_Channel1_IRQHandler
    startup_stm32f10x_md.o(RESET) refers to timer.o(.text) for TIM3_IRQHandler
    startup_stm32f10x_md.o(RESET) refers to usart.o(.text) for USART1_IRQHandler
    startup_stm32f10x_md.o(.text) refers (Special) to heapauxi.o(.text) for __use_two_region_memory
    startup_stm32f10x_md.o(.text) refers to system_stm32f10x.o(.text) for SystemInit
    startup_stm32f10x_md.o(.text) refers to __main.o(!!!main) for __main
    startup_stm32f10x_md.o(.text) refers to startup_stm32f10x_md.o(HEAP) for Heap_Mem
    startup_stm32f10x_md.o(.text) refers to startup_stm32f10x_md.o(STACK) for Stack_Mem
    stm32f10x_gpio.o(.text) refers to stm32f10x_rcc.o(.text) for RCC_APB2PeriphResetCmd
    stm32f10x_rcc.o(.text) refers to stm32f10x_rcc.o(.data) for APBAHBPrescTable
    stm32f10x_usart.o(.text) refers to stm32f10x_rcc.o(.text) for RCC_APB2PeriphResetCmd
    stm32f10x_adc.o(.text) refers to stm32f10x_rcc.o(.text) for RCC_APB2PeriphResetCmd
    stm32f10x_bkp.o(.text) refers to stm32f10x_rcc.o(.text) for RCC_BackupResetCmd
    stm32f10x_can.o(.text) refers to stm32f10x_rcc.o(.text) for RCC_APB1PeriphResetCmd
    stm32f10x_cec.o(.text) refers to stm32f10x_rcc.o(.text) for RCC_APB1PeriphResetCmd
    stm32f10x_dac.o(.text) refers to stm32f10x_rcc.o(.text) for RCC_APB1PeriphResetCmd
    stm32f10x_i2c.o(.text) refers to stm32f10x_rcc.o(.text) for RCC_APB1PeriphResetCmd
    stm32f10x_pwr.o(.text) refers to stm32f10x_rcc.o(.text) for RCC_APB1PeriphResetCmd
    stm32f10x_spi.o(.text) refers to stm32f10x_rcc.o(.text) for RCC_APB2PeriphResetCmd
    stm32f10x_tim.o(.text) refers to stm32f10x_rcc.o(.text) for RCC_APB2PeriphResetCmd
    stm32f10x_wwdg.o(.text) refers to stm32f10x_rcc.o(.text) for RCC_APB1PeriphResetCmd
    delay.o(.text) refers to delay.o(.data) for fac_us
    sys.o(.text) refers to _printf_pad.o(.text) for _printf_pre_padding
    sys.o(.text) refers to _printf_percent.o(.ARM.Collect$$_printf_percent$$00000000) for _printf_percent
    sys.o(.text) refers to _printf_x.o(.ARM.Collect$$_printf_percent$$0000000C) for _printf_x
    sys.o(.text) refers to _printf_hex_int.o(.text) for _printf_longlong_hex
    sys.o(.text) refers to noretval__2sprintf.o(.text) for __2sprintf
    sys.o(.text) refers to misc.o(.text) for NVIC_PriorityGroupConfig
    sys.o(.text) refers to sys.o(.emb_text) for WFI_SET
    usart.o(.text) refers (Special) to use_no_semi_2.o(.text) for __use_no_semihosting
    usart.o(.text) refers to sys.o(.text) for MY_NVIC_Init
    usart.o(.text) refers to stm32f10x_rcc.o(.text) for RCC_APB2PeriphClockCmd
    usart.o(.text) refers to stm32f10x_usart.o(.text) for USART_DeInit
    usart.o(.text) refers to stm32f10x_gpio.o(.text) for GPIO_Init
    usart.o(.text) refers to usart.o(.data) for USART_RX_STA
    usart.o(.text) refers to usart.o(.bss) for USART_RX_BUF
    usart.o(.bss) refers (Special) to use_no_semi_2.o(.text) for __use_no_semihosting
    usart.o(.data) refers (Special) to use_no_semi_2.o(.text) for __use_no_semihosting
    main.o(.text) refers to stm32f10x_rcc.o(.text) for RCC_APB2PeriphClockCmd
    main.o(.text) refers to stm32f10x_gpio.o(.text) for GPIO_Init
    main.o(.text) refers to stm32f10x_tim.o(.text) for TIM_TimeBaseInit
    main.o(.text) refers to misc.o(.text) for NVIC_Init
    main.o(.text) refers to stm32f10x_dma.o(.text) for DMA_ClearITPendingBit
    main.o(.text) refers to stm32f10x_adc.o(.text) for ADC_DeInit
    main.o(.text) refers to fflt_clz.o(x$fpl$fflt) for __aeabi_i2f
    main.o(.text) refers to fmul.o(x$fpl$fmul) for __aeabi_fmul
    main.o(.text) refers to fdiv.o(x$fpl$fdiv) for __aeabi_fdiv
    main.o(.text) refers to faddsub_clz.o(x$fpl$fadd) for __aeabi_fadd
    main.o(.text) refers to f2d.o(x$fpl$f2d) for __aeabi_f2d
    main.o(.text) refers to sqrt.o(i.sqrt) for sqrt
    main.o(.text) refers to ddiv.o(x$fpl$ddiv) for __aeabi_ddiv
    main.o(.text) refers to d2f.o(x$fpl$d2f) for __aeabi_d2f
    main.o(.text) refers to ffixu.o(x$fpl$ffixu) for __aeabi_f2uiz
    main.o(.text) refers to cr4_fft_256_stm32.o(.text) for cr4_fft_256_stm32
[...]
    .ARM.Collect$$libinit$$00000025          0x08000182   Section        0  libinit2.o(.ARM.Collect$$libinit$$00000025)
    .ARM.Collect$$libinit$$0000002C          0x08000182   Section        0  libinit2.o(.ARM.Collect$$libinit$$0000002C)
    .ARM.Collect$$libinit$$0000002E          0x08000182   Section        0  libinit2.o(.ARM.Collect$$libinit$$0000002E)
    .ARM.Collect$$libinit$$00000030          0x08000182   Section        0  libinit2.o(.ARM.Collect$$libinit$$00000030)
    .ARM.Collect$$libinit$$00000032          0x08000182   Section        0  libinit2.o(.ARM.Collect$$libinit$$00000032)
    .ARM.Collect$$libinit$$00000033          0x08000182   Section        2  libinit2.o(.ARM.Collect$$libinit$$00000033)
    .ARM.Collect$$libshutdown$$00000000      0x08000184   Section        2  libshutdown.o(.ARM.Collect$$libshutdown$$00000000)
    .ARM.Collect$$libshutdown$$00000002      0x08000186   Section        0  libshutdown2.o(.ARM.Collect$$libshutdown$$00000002)
    .ARM.Collect$$libshutdown$$00000004      0x08000186   Section        0  libshutdown2.o(.ARM.Collect$$libshutdown$$00000004)
    .ARM.Collect$$libshutdown$$00000007      0x08000186   Section        0  libshutdown2.o(.ARM.Collect$$libshutdown$$00000007)
    .ARM.Collect$$libshutdown$$0000000A      0x08000186   Section        0  libshutdown2.o(.ARM.Collect$$libshutdown$$0000000A)
    .ARM.Collect$$libshutdown$$0000000C      0x08000186   Section        0  libshutdown2.o(.ARM.Collect$$libshutdown$$0000000C)
    .ARM.Collect$$libshutdown$$0000000F      0x08000186   Section        0  libshutdown2.o(.ARM.Collect$$libshutdown$$0000000F)
    .ARM.Collect$$libshutdown$$00000010      0x08000186   Section        2  libshutdown2.o(.ARM.Collect$$libshutdown$$00000010)
    .ARM.Collect$$rtentry$$00000000          0x08000188   Section        0  __rtentry.o(.ARM.Collect$$rtentry$$00000000)
    .ARM.Collect$$rtentry$$00000002          0x08000188   Section        0  __rtentry2.o(.ARM.Collect$$rtentry$$00000002)
    .ARM.Collect$$rtentry$$00000004          0x08000188   Section        6  __rtentry4.o(.ARM.Collect$$rtentry$$00000004)
    .ARM.Collect$$rtentry$$00000009          0x0800018e   Section        0  __rtentry2.o(.ARM.Collect$$rtentry$$00000009)
    .ARM.Collect$$rtentry$$0000000A          0x0800018e   Section        4  __rtentry2.o(.ARM.Collect$$rtentry$$0000000A)
    .ARM.Collect$$rtentry$$0000000C          0x08000192   Section        0  __rtentry2.o(.ARM.Collect$$rtentry$$0000000C)
    .ARM.Collect$$rtentry$$0000000D          0x08000192   Section        8  __rtentry2.o(.ARM.Collect$$rtentry$$0000000D)
    .ARM.Collect$$rtexit$$00000000           0x0800019a   Section        2  rtexit.o(.ARM.Collect$$rtexit$$00000000)
    .ARM.Collect$$rtexit$$00000002           0x0800019c   Section        0  rtexit2.o(.ARM.Collect$$rtexit$$00000002)
    .ARM.Collect$$rtexit$$00000003           0x0800019c   Section        4  rtexit2.o(.ARM.Collect$$rtexit$$00000003)
    .ARM.Collect$$rtexit$$00000004           0x080001a0   Section        6  rtexit2.o(.ARM.Collect$$rtexit$$00000004)
    .emb_text                                0x080001a8   Section        2  sys.o(.emb_text)
    .text                                    0x080001aa   Section        0  stm32f10x_it.o(.text)
    .text                                    0x080001c4   Section        0  system_stm32f10x.o(.text)
    SetSysClockTo72                          0x080001c5   Thumb Code   214  system_stm32f10x.o(.text)
    SetSysClock                              0x0800029b   Thumb Code     8  system_stm32f10x.o(.text)
    .text                                    0x080003a4   Section       64  startup_stm32f10x_md.o(.text)
    .text                                    0x080003e4   Section        0  misc.o(.text)
    .text                                    0x080004c0   Section        0  stm32f10x_gpio.o(.text)
    .text                                    0x0800081c   Section        0  stm32f10x_rcc.o(.text)
    .text                                    0x08000bc0   Section        0  stm32f10x_usart.o(.text)
    .text                                    0x08000fc8   Section        0  stm32f10x_adc.o(.text)
    .text                                    0x08001418   Section        0  stm32f10x_dma.o(.text)
    .text                                    0x0800166c   Section        0  stm32f10x_tim.o(.text)
    TI4_Config                               0x08001b13   Thumb Code   130  stm32f10x_tim.o(.text)
    TI3_Config                               0x08001ba7   Thumb Code   122  stm32f10x_tim.o(.text)
    TI2_Config                               0x08001c3b   Thumb Code   130  stm32f10x_tim.o(.text)
    TI1_Config                               0x08001ccf   Thumb Code   108  stm32f10x_tim.o(.text)
    .text                                    0x08002488   Section        0  delay.o(.text)
    .text                                    0x08002558   Section        0  sys.o(.text)
    .text                                    0x08002874   Section        0  usart.o(.text)
    .text                                    0x08002a00   Section        0  main.o(.text)
    .text                                    0x08002e08   Section        0  timer.o(.text)
    .text                                    0x08002ee4   Section        0  ad9833.o(.text)
    AD9833_Delay                             0x08002f17   Thumb Code    12  ad9833.o(.text)
    .text                                    0x080030d8   Section        0  lcd.o(.text)
    .text                                    0x08003948   Section        0  lcd_init.o(.text)
    .text                                    0x08003c9c   Section     1502  cr4_fft_256_stm32.o(.text)
    .text                                    0x0800427a   Section        2  use_no_semi_2.o(.text)
    .text                                    0x0800427c   Section        0  noretval__2printf.o(.text)
    .text                                    0x08004294   Section        0  noretval__2sprintf.o(.text)
    .text                                    0x080042bc   Section        0  _printf_pad.o(.text)
    .text                                    0x0800430c   Section        0  _printf_hex_int.o(.text)
    .text                                    0x08004364   Section        0  __printf_flags_wp.o(.text)
    .text                                    0x0800449c   Section        0  heapauxi.o(.text)
    .text                                    0x080044a2   Section        2  use_no_semi.o(.text)
    .text                                    0x080044a4   Section        0  _rserrno.o(.text)
    .text                                    0x080044ba   Section        0  _printf_intcommon.o(.text)
    .text                                    0x0800456c   Section        0  _printf_fp_dec.o(.text)
    _fp_digits                               0x0800456f   Thumb Code   432  _printf_fp_dec.o(.text)
    .text                                    0x0800498c   Section        0  _printf_char_common.o(.text)
    _printf_input_char                       0x0800498d   Thumb Code    10  _printf_char_common.o(.text)
    .text                                    0x080049bc   Section        0  _sputc.o(.text)
    .text                                    0x080049c8   Section        0  _printf_char_file.o(.text)
    .text                                    0x080049ec   Section        8  rt_locale_intlibspace.o(.text)
    .text                                    0x080049f4   Section        8  rt_errno_addr_intlibspace.o(.text)
    .text                                    0x080049fc   Section      138  lludiv10.o(.text)
    .text                                    0x08004a88   Section        0  _printf_fp_infnan.o(.text)
    .text                                    0x08004b08   Section        0  bigflt0.o(.text)
    .text                                    0x08004bec   Section        0  ferror.o(.text)
    .text                                    0x08004bf4   Section        8  libspace.o(.text)
    .text                                    0x08004bfc   Section       74  sys_stackheap_outer.o(.text)
    .text                                    0x08004c46   Section        0  exit.o(.text)
    .text                                    0x08004c58   Section      128  strcmpv7m.o(.text)
    CL$$btod_d2e                             0x08004cd8   Section       62  btod.o(CL$$btod_d2e)
    CL$$btod_d2e_denorm_low                  0x08004d16   Section       70  btod.o(CL$$btod_d2e_denorm_low)
    CL$$btod_d2e_norm_op1                    0x08004d5c   Section       96  btod.o(CL$$btod_d2e_norm_op1)
    CL$$btod_div_common                      0x08004dbc   Section      824  btod.o(CL$$btod_div_common)
    CL$$btod_e2e                             0x080050f4   Section      220  btod.o(CL$$btod_e2e)
    CL$$btod_ediv                            0x080051d0   Section       42  btod.o(CL$$btod_ediv)
    CL$$btod_emul                            0x080051fa   Section       42  btod.o(CL$$btod_emul)
    CL$$btod_mult_common                     0x08005224   Section      580  btod.o(CL$$btod_mult_common)
    i.__ARM_fpclassify                       0x08005468   Section        0  fpclassify.o(i.__ARM_fpclassify)
    i._is_digit                              0x08005490   Section        0  __printf_wp.o(i._is_digit)
    i.sqrt                                   0x0800549e   Section        0  sqrt.o(i.sqrt)
    locale$$code                             0x080054ec   Section       44  lc_numeric_c.o(locale$$code)
    x$fpl$d2f                                0x08005518   Section       98  d2f.o(x$fpl$d2f)
    x$fpl$ddiv                               0x0800557c   Section      688  ddiv.o(x$fpl$ddiv)
    ddiv_entry                               0x08005583   Thumb Code     0  ddiv.o(x$fpl$ddiv)
    x$fpl$dfix                               0x0800582c   Section       94  dfix.o(x$fpl$dfix)
    x$fpl$dmul                               0x0800588c   Section      340  dmul.o(x$fpl$dmul)
    x$fpl$dnaninf                            0x080059e0   Section      156  dnaninf.o(x$fpl$dnaninf)
    x$fpl$dretinf                            0x08005a7c   Section       12  dretinf.o(x$fpl$dretinf)
    x$fpl$dsqrt                              0x08005a88   Section      460  dsqrt_noumaal.o(x$fpl$dsqrt)
    x$fpl$f2d                                0x08005c54   Section       86  f2d.o(x$fpl$f2d)
    x$fpl$fadd                               0x08005cac   Section      196  faddsub_clz.o(x$fpl$fadd)
    _fadd1                                   0x08005cbb   Thumb Code     0  faddsub_clz.o(x$fpl$fadd)
    x$fpl$fdiv                               0x08005d70   Section      388  fdiv.o(x$fpl$fdiv)
    _fdiv1                                   0x08005d71   Thumb Code     0  fdiv.o(x$fpl$fdiv)
    x$fpl$ffixu                              0x08005ef4   Section       62  ffixu.o(x$fpl$ffixu)
    x$fpl$fflt                               0x08005f34   Section       48  fflt_clz.o(x$fpl$fflt)
    x$fpl$ffltu                              0x08005f64   Section       38  fflt_clz.o(x$fpl$ffltu)
    x$fpl$fmul                               0x08005f8c   Section      258  fmul.o(x$fpl$fmul)
    x$fpl$fnaninf                            0x0800608e   Section      140  fnaninf.o(x$fpl$fnaninf)
    x$fpl$fretinf                            0x0800611a   Section       10  fretinf.o(x$fpl$fretinf)
    x$fpl$fsub                               0x08006124   Section      234  faddsub_clz.o(x$fpl$fsub)
    _fsub1                                   0x08006133   Thumb Code     0  faddsub_clz.o(x$fpl$fsub)
    x$fpl$printf1                            0x0800620e   Section        4  printf1.o(x$fpl$printf1)
    .constdata                               0x08006212   Section     8790  lcd.o(.constdata)
    x$fpl$usenofp                            0x08006212   Section        0  usenofp.o(x$fpl$usenofp)
    .constdata                               0x08008468   Section       40  _printf_hex_int.o(.constdata)
    uc_hextab                                0x08008468   Data          20  _printf_hex_int.o(.constdata)
    lc_hextab                                0x0800847c   Data          20  _printf_hex_int.o(.constdata)
    .constdata                               0x08008490   Section       17  __printf_flags_wp.o(.constdata)
    maptable                                 0x08008490   Data          17  __printf_flags_wp.o(.constdata)
    .constdata                               0x080084a4   Section      148  bigflt0.o(.constdata)
    tenpwrs_x                                0x080084a4   Data          60  bigflt0.o(.constdata)
    tenpwrs_i                                0x080084e0   Data          64  bigflt0.o(.constdata)
    locale$$data                             0x08008558   Section       28  lc_numeric_c.o(locale$$data)
    __lcnum_c_name                           0x0800855c   Data           2  lc_numeric_c.o(locale$$data)
    __lcnum_c_start                          0x08008564   Data           0  lc_numeric_c.o(locale$$data)
    __lcnum_c_point                          0x08008570   Data           0  lc_numeric_c.o(locale$$data)
    __lcnum_c_thousands                      0x08008572   Data           0  lc_numeric_c.o(locale$$data)
    __lcnum_c_grouping                       0x08008573   Data           0  lc_numeric_c.o(locale$$data)
    __lcnum_c_end                            0x08008574   Data           0  lc_numeric_c.o(locale$$data)
    .data                                    0x20000000   Section       20  system_stm32f10x.o(.data)
    .data                                    0x20000014   Section       20  stm32f10x_rcc.o(.data)
    APBAHBPrescTable                         0x20000014   Data          16  stm32f10x_rcc.o(.data)
    ADCPrescTable                            0x20000024   Data           4  stm32f10x_rcc.o(.data)
    .data                                    0x20000028   Section        4  delay.o(.data)
    fac_us                                   0x20000028   Data           1  delay.o(.data)
    fac_ms                                   0x2000002a   Data           2  delay.o(.data)
    .data                                    0x2000002c   Section        6  usart.o(.data)
    .data                                    0x20000034   Section       24  main.o(.data)
    .data                                    0x2000004c   Section        8  timer.o(.data)
    .bss                                     0x20000054   Section       63  usart.o(.bss)
    .bss                                     0x20000094   Section     2560  main.o(.bss)
    .bss                                     0x20000a94   Section      224  timer.o(.bss)
    .bss                                     0x20000b74   Section       96  libspace.o(.bss)
    HEAP                                     0x20000bd8   Section      512  startup_stm32f10x_md.o(HEAP)
    Heap_Mem                                 0x20000bd8   Data         512  startup_stm32f10x_md.o(HEAP)
    STACK                                    0x20000dd8   Section     1024  startup_stm32f10x_md.o(STACK)
    Stack_Mem                                0x20000dd8   Data        1024  startup_stm32f10x_md.o(STACK)
    __initial_sp                             0x200011d8   Data           0  startup_stm32f10x_md.o(STACK)

    Global Symbols

    Symbol Name                              Value     Ov Type        Size  Object(Section)

    BuildAttributes$$THM_ISAv4$P$D$K$B$S$PE$A:L22UL41UL21$X:L11$S22US41US21$IEEE1$IW$USESV6$~STKCKD$USESV7$~SHL$OTIME$ROPI$IEEEJ$EBA8$UX$STANDARDLIB$REQ8$PRES8$EABIv2 0x00000000   Number         0  anon$$obj.o ABSOLUTE
    __ARM_use_no_argv                        0x00000000   Number         0  main.o ABSOLUTE
    _printf_flags                            0x00000000   Number         0  printf_stubs.o ABSOLUTE
    _printf_return_value                     0x00000000   Number         0  printf_stubs.o ABSOLUTE
    _printf_sizespec                         0x00000000   Number         0  printf_stubs.o ABSOLUTE
    _printf_widthprec                        0x00000000   Number         0  printf_stubs.o ABSOLUTE
    __ARM_exceptions_init                     - Undefined Weak Reference
    __alloca_initialize                       - Undefined Weak Reference
    __arm_preinit_                            - Undefined Weak Reference
    __cpp_initialize__aeabi_                  - Undefined Weak Reference
    __cxa_finalize                            - Undefined Weak Reference
    __sigvec_lookup                           - Undefined Weak Reference
    _atexit_init                              - Undefined Weak Reference
    _call_atexit_fns                          - Undefined Weak Reference
    _clock_init                               - Undefined Weak Reference
    _fp_trap_init                             - Undefined Weak Reference
    _fp_trap_shutdown                         - Undefined Weak Reference
    _get_lc_collate                           - Undefined Weak Reference
    _get_lc_ctype                             - Undefined Weak Reference
    _get_lc_monetary                          - Undefined Weak Reference
    _get_lc_time                              - Undefined Weak Reference
    _getenv_init                              - Undefined Weak Reference
    _handle_redirection                       - Undefined Weak Reference
    _init_alloc                               - Undefined Weak Reference
    _init_user_alloc                          - Undefined Weak Reference
    _initio                                   - Undefined Weak Reference
    _mutex_acquire                            - Undefined Weak Reference
    _mutex_release                            - Undefined Weak Reference
    _printf_truncate_unsigned                 - Undefined Weak Reference
    _rand_init                                - Undefined Weak Reference
    _signal_finish                            - Undefined Weak Reference
    _signal_init                              - Undefined Weak Reference
    _terminate_alloc                          - Undefined Weak Reference
    _terminate_user_alloc                     - Undefined Weak Reference
    _terminateio                              - Undefined Weak Reference
    __Vectors_Size                           0x000000ec   Number         0  startup_stm32f10x_md.o ABSOLUTE
    __Vectors                                0x08000000   Data           4  startup_stm32f10x_md.o(RESET)
    __Vectors_End                            0x080000ec   Data           0  startup_stm32f10x_md.o(RESET)
    __main                                   0x080000ed   Thumb Code     8  __main.o(!!!main)
    __scatterload                            0x080000f5   Thumb Code     0  __scatter.o(!!!scatter)
    __scatterload_rt2                        0x080000f5   Thumb Code    44  __scatter.o(!!!scatter)
    __scatterload_rt2_thumb_only             0x080000f5   Thumb Code     0  __scatter.o(!!!scatter)
    __scatterload_null                       0x08000103   Thumb Code     0  __scatter.o(!!!scatter)
    __scatterload_copy                       0x08000129   Thumb Code    26  __scatter_copy.o(!!handler_copy)
    __scatterload_zeroinit                   0x08000145   Thumb Code    28  __scatter_zi.o(!!handler_zi)
    _printf_f                                0x08000161   Thumb Code     0  _printf_f.o(.ARM.Collect$$_printf_percent$$00000003)
    _printf_percent                          0x08000161   Thumb Code     0  _printf_percent.o(.ARM.Collect$$_printf_percent$$00000000)
    _printf_x                                0x08000167   Thumb Code     0  _printf_x.o(.ARM.Collect$$_printf_percent$$0000000C)
    _printf_percent_end                      0x0800016d   Thumb Code     0  _printf_percent_end.o(.ARM.Collect$$_printf_percent$$00000017)
    __rt_lib_init                            0x08000171   Thumb Code     0  libinit.o(.ARM.Collect$$libinit$$00000000)
    __rt_lib_init_fp_1                       0x08000173   Thumb Code     0  libinit2.o(.ARM.Collect$$libinit$$00000002)
    __rt_lib_init_heap_1                     0x08000173   Thumb Code     0  libinit2.o(.ARM.Collect$$libinit$$0000000A)
    __rt_lib_init_lc_common                  0x08000173   Thumb Code     0  libinit2.o(.ARM.Collect$$libinit$$0000000F)
    __rt_lib_init_preinit_1                  0x08000173   Thumb Code     0  libinit2.o(.ARM.Collect$$libinit$$00000004)
    __rt_lib_init_rand_1                     0x08000173   Thumb Code     0  libinit2.o(.ARM.Collect$$libinit$$0000000E)
    __rt_lib_init_user_alloc_1               0x08000173   Thumb Code     0  libinit2.o(.ARM.Collect$$libinit$$0000000C)
    __rt_lib_init_lc_collate_1               0x08000179   Thumb Code     0  libinit2.o(.ARM.Collect$$libinit$$00000011)
    __rt_lib_init_lc_ctype_1                 0x08000179   Thumb Code     0  libinit2.o(.ARM.Collect$$libinit$$00000013)
    __rt_lib_init_lc_monetary_1              0x08000179   Thumb Code     0  libinit2.o(.ARM.Collect$$libinit$$00000015)
    __rt_lib_init_lc_numeric_2               0x08000179   Thumb Code     0  libinit2.o(.ARM.Collect$$libinit$$00000016)
    __rt_lib_init_alloca_1                   0x08000183   Thumb Code     0  libinit2.o(.ARM.Collect$$libinit$$0000002E)
    __rt_lib_init_argv_1                     0x08000183   Thumb Code     0  libinit2.o(.ARM.Collect$$libinit$$0000002C)
    __rt_lib_init_atexit_1                   0x08000183   Thumb Code     0  libinit2.o(.ARM.Collect$$libinit$$0000001B)
    __rt_lib_init_clock_1                    0x08000183   Thumb Code     0  libinit2.o(.ARM.Collect$$libinit$$00000021)
    __rt_lib_init_cpp_1                      0x08000183   Thumb Code     0  libinit2.o(.ARM.Collect$$libinit$$00000032)
    __rt_lib_init_exceptions_1               0x08000183   Thumb Code     0  libinit2.o(.ARM.Collect$$libinit$$00000030)
    __rt_lib_init_fp_trap_1                  0x08000183   Thumb Code     0  libinit2.o(.ARM.Collect$$libinit$$0000001F)
    __rt_lib_init_getenv_1                   0x08000183   Thumb Code     0  libinit2.o(.ARM.Collect$$libinit$$00000023)
    __rt_lib_init_lc_numeric_1               0x08000183   Thumb Code     0  libinit2.o(.ARM.Collect$$libinit$$00000017)
    __rt_lib_init_lc_time_1                  0x08000183   Thumb Code     0  libinit2.o(.ARM.Collect$$libinit$$00000019)
    __rt_lib_init_return                     0x08000183   Thumb Code     0  libinit2.o(.ARM.Collect$$libinit$$00000033)
    __rt_lib_init_signal_1                   0x08000183   Thumb Code     0  libinit2.o(.ARM.Collect$$libinit$$0000001D)
    __rt_lib_init_stdio_1                    0x08000183   Thumb Code     0  libinit2.o(.ARM.Collect$$libinit$$00000025)
    __rt_lib_shutdown                        0x08000185   Thumb Code     0  libshutdown.o(.ARM.Collect$$libshutdown$$00000000)
    __rt_lib_shutdown_cpp_1                  0x08000187   Thumb Code     0  libshutdown2.o(.ARM.Collect$$libshutdown$$00000002)
    __rt_lib_shutdown_fp_trap_1              0x08000187   Thumb Code     0  libshutdown2.o(.ARM.Collect$$libshutdown$$00000007)
    __rt_lib_shutdown_heap_1                 0x08000187   Thumb Code     0  libshutdown2.o(.ARM.Collect$$libshutdown$$0000000F)
    __rt_lib_shutdown_return                 0x08000187   Thumb Code     0  libshutdown2.o(.ARM.Collect$$libshutdown$$00000010)
    __rt_lib_shutdown_signal_1               0x08000187   Thumb Code     0  libshutdown2.o(.ARM.Collect$$libshutdown$$0000000A)
    __rt_lib_shutdown_stdio_1                0x08000187   Thumb Code     0  libshutdown2.o(.ARM.Collect$$libshutdown$$00000004)
    __rt_lib_shutdown_user_alloc_1           0x08000187   Thumb Code     0  libshutdown2.o(.ARM.Collect$$libshutdown$$0000000C)
    __rt_entry                               0x08000189   Thumb Code     0  __rtentry.o(.ARM.Collect$$rtentry$$00000000)
    __rt_entry_presh_1                       0x08000189   Thumb Code     0  __rtentry2.o(.ARM.Collect$$rtentry$$00000002)
    __rt_entry_sh                            0x08000189   Thumb Code     0  __rtentry4.o(.ARM.Collect$$rtentry$$00000004)
    __rt_entry_li                            0x0800018f   Thumb Code     0  __rtentry2.o(.ARM.Collect$$rtentry$$0000000A)
    __rt_entry_postsh_1                      0x0800018f   Thumb Code     0  __rtentry2.o(.ARM.Collect$$rtentry$$00000009)
    __rt_entry_main                          0x08000193   Thumb Code     0  __rtentry2.o(.ARM.Collect$$rtentry$$0000000D)
    __rt_entry_postli_1                      0x08000193   Thumb Code     0  __rtentry2.o(.ARM.Collect$$rtentry$$0000000C)
    __rt_exit                                0x0800019b   Thumb Code     0  rtexit.o(.ARM.Collect$$rtexit$$00000000)
    __rt_exit_ls                             0x0800019d   Thumb Code     0  rtexit2.o(.ARM.Collect$$rtexit$$00000003)
    __rt_exit_prels_1                        0x0800019d   Thumb Code     0  rtexit2.o(.ARM.Collect$$rtexit$$00000002)
    __rt_exit_exit                           0x080001a1   Thumb Code     0  rtexit2.o(.ARM.Collect$$rtexit$$00000004)
    WFI_SET                                  0x080001a9   Thumb Code     2  sys.o(.emb_text)
    NMI_Handler                              0x080001ab   Thumb Code     2  stm32f10x_it.o(.text)
    HardFault_Handler                        0x080001ad   Thumb Code     4  stm32f10x_it.o(.text)
    MemManage_Handler                        0x080001b1   Thumb Code     4  stm32f10x_it.o(.text)
    BusFault_Handler                         0x080001b5   Thumb Code     4  stm32f10x_it.o(.text)
    UsageFault_Handler                       0x080001b9   Thumb Code     4  stm32f10x_it.o(.text)
    SVC_Handler                              0x080001bd   Thumb Code     2  stm32f10x_it.o(.text)
    DebugMon_Handler                         0x080001bf   Thumb Code     2  stm32f10x_it.o(.text)
    PendSV_Handler                           0x080001c1   Thumb Code     2  stm32f10x_it.o(.text)
    SysTick_Handler                          0x080001c3   Thumb Code     2  stm32f10x_it.o(.text)
    SystemInit                               0x080002a3   Thumb Code    78  system_stm32f10x.o(.text)
    SystemCoreClockUpdate                    0x080002f1   Thumb Code   142  system_stm32f10x.o(.text)
    Reset_Handler                            0x080003a5   Thumb Code     8  startup_stm32f10x_md.o(.text)
    ADC1_2_IRQHandler                        0x080003bf   Thumb Code     0  startup_stm32f10x_md.o(.text)
    CAN1_RX1_IRQHandler                      0x080003bf   Thumb Code     0  startup_stm32f10x_md.o(.text)
    CAN1_SCE_IRQHandler                      0x080003bf   Thumb Code     0  startup_stm32f10x_md.o(.text)
    DMA1_Channel2_IRQHandler                 0x080003bf   Thumb Code     0  startup_stm32f10x_md.o(.text)
    DMA1_Channel3_IRQHandler                 0x080003bf   Thumb Code     0  startup_stm32f10x_md.o(.text)
    DMA1_Channel4_IRQHandler                 0x080003bf   Thumb Code     0  startup_stm32f10x_md.o(.text)
    DMA1_Channel5_IRQHandler                 0x080003bf   Thumb Code     0  startup_stm32f10x_md.o(.text)
    DMA1_Channel6_IRQHandler                 0x080003bf   Thumb Code     0  startup_stm32f10x_md.o(.text)
    DMA1_Channel7_IRQHandler                 0x080003bf   Thumb Code     0  startup_stm32f10x_md.o(.text)
    EXTI0_IRQHandler                         0x080003bf   Thumb Code     0  startup_stm32f10x_md.o(.text)
    EXTI15_10_IRQHandler                     0x080003bf   Thumb Code     0  startup_stm32f10x_md.o(.text)
    EXTI1_IRQHandler                         0x080003bf   Thumb Code     0  startup_stm32f10x_md.o(.text)
    EXTI2_IRQHandler                         0x080003bf   Thumb Code     0  startup_stm32f10x_md.o(.text)
    EXTI3_IRQHandler                         0x080003bf   Thumb Code     0  startup_stm32f10x_md.o(.text)
    EXTI4_IRQHandler                         0x080003bf   Thumb Code     0  startup_stm32f10x_md.o(.text)
    EXTI9_5_IRQHandler                       0x080003bf   Thumb Code     0  startup_stm32f10x_md.o(.text)
    FLASH_IRQHandler                         0x080003bf   Thumb Code     0  startup_stm32f10x_md.o(.text)
    I2C1_ER_IRQHandler                       0x080003bf   Thumb Code     0  startup_stm32f10x_md.o(.text)
    I2C1_EV_IRQHandler                       0x080003bf   Thumb Code     0  startup_stm32f10x_md.o(.text)
    I2C2_ER_IRQHandler                       0x080003bf   Thumb Code     0  startup_stm32f10x_md.o(.text)
    I2C2_EV_IRQHandler                       0x080003bf   Thumb Code     0  startup_stm32f10x_md.o(.text)
    PVD_IRQHandler                           0x080003bf   Thumb Code     0  startup_stm32f10x_md.o(.text)
    RCC_IRQHandler                           0x080003bf   Thumb Code     0  startup_stm32f10x_md.o(.text)
    RTCAlarm_IRQHandler                      0x080003bf   Thumb Code     0  startup_stm32f10x_md.o(.text)
    RTC_IRQHandler                           0x080003bf   Thumb Code     0  startup_stm32f10x_md.o(.text)
    SPI1_IRQHandler                          0x080003bf   Thumb Code     0  startup_stm32f10x_md.o(.text)
    SPI2_IRQHandler                          0x080003bf   Thumb Code     0  startup_stm32f10x_md.o(.text)
    TAMPER_IRQHandler                        0x080003bf   Thumb Code     0  startup_stm32f10x_md.o(.text)
    TIM1_BRK_IRQHandler                      0x080003bf   Thumb Code     0  startup_stm32f10x_md.o(.text)
    TIM1_CC_IRQHandler                       0x080003bf   Thumb Code     0  startup_stm32f10x_md.o(.text)
    TIM1_TRG_COM_IRQHandler                  0x080003bf   Thumb Code     0  startup_stm32f10x_md.o(.text)
    TIM1_UP_IRQHandler                       0x080003bf   Thumb Code     0  startup_stm32f10x_md.o(.text)
    TIM2_IRQHandler                          0x080003bf   Thumb Code     0  startup_stm32f10x_md.o(.text)
    TIM4_IRQHandler                          0x080003bf   Thumb Code     0  startup_stm32f10x_md.o(.text)
    USART2_IRQHandler                        0x080003bf   Thumb Code     0  startup_stm32f10x_md.o(.text)
    USART3_IRQHandler                        0x080003bf   Thumb Code     0  startup_stm32f10x_md.o(.text)
    USBWakeUp_IRQHandler                     0x080003bf   Thumb Code     0  startup_stm32f10x_md.o(.text)
    USB_HP_CAN1_TX_IRQHandler                0x080003bf   Thumb Code     0  startup_stm32f10x_md.o(.text)
    USB_LP_CAN1_RX0_IRQHandler               0x080003bf   Thumb Code     0  startup_stm32f10x_md.o(.text)
    WWDG_IRQHandler                          0x080003bf   Thumb Code     0  startup_stm32f10x_md.o(.text)
    __user_initial_stackheap                 0x080003c1   Thumb Code     0  startup_stm32f10x_md.o(.text)
    NVIC_PriorityGroupConfig                 0x080003e5   Thumb Code    10  misc.o(.text)
    NVIC_Init                                0x080003ef   Thumb Code   100  misc.o(.text)
    NVIC_SetVectorTable                      0x08000453   Thumb Code    14  misc.o(.text)
    NVIC_SystemLPConfig                      0x08000461   Thumb Code    34  misc.o(.text)
    SysTick_CLKSourceConfig                  0x08000483   Thumb Code    40  misc.o(.text)
    GPIO_DeInit                              0x080004c1   Thumb Code   172  stm32f10x_gpio.o(.text)
    GPIO_AFIODeInit                          0x0800056d   Thumb Code    20  stm32f10x_gpio.o(.text)
    GPIO_Init                                0x08000581   Thumb Code   278  stm32f10x_gpio.o(.text)
    GPIO_StructInit                          0x08000697   Thumb Code    16  stm32f10x_gpio.o(.text)
    GPIO_ReadInputDataBit                    0x080006a7   Thumb Code    18  stm32f10x_gpio.o(.text)
    GPIO_ReadInputData                       0x080006b9   Thumb Code     8  stm32f10x_gpio.o(.text)
    GPIO_ReadOutputDataBit                   0x080006c1   Thumb Code    18  stm32f10x_gpio.o(.text)
    GPIO_ReadOutputData                      0x080006d3   Thumb Code     8  stm32f10x_gpio.o(.text)
    GPIO_SetBits                             0x080006db   Thumb Code     4  stm32f10x_gpio.o(.text)
    GPIO_ResetBits                           0x080006df   Thumb Code     4  stm32f10x_gpio.o(.text)
    GPIO_WriteBit                            0x080006e3   Thumb Code    10  stm32f10x_gpio.o(.text)
    GPIO_Write                               0x080006ed   Thumb Code     4  stm32f10x_gpio.o(.text)
    GPIO_PinLockConfig                       0x080006f1   Thumb Code    18  stm32f10x_gpio.o(.text)
    GPIO_EventOutputConfig                   0x08000703   Thumb Code    26  stm32f10x_gpio.o(.text)
    GPIO_EventOutputCmd                      0x0800071d   Thumb Code     6  stm32f10x_gpio.o(.text)
    GPIO_PinRemapConfig                      0x08000723   Thumb Code   138  stm32f10x_gpio.o(.text)
    GPIO_EXTILineConfig                      0x080007ad   Thumb Code    66  stm32f10x_gpio.o(.text)
    GPIO_ETH_MediaInterfaceConfig            0x080007ef   Thumb Code     8  stm32f10x_gpio.o(.text)
    RCC_DeInit                               0x0800081d   Thumb Code    64  stm32f10x_rcc.o(.text)
    RCC_HSEConfig                            0x0800085d   Thumb Code    70  stm32f10x_rcc.o(.text)
    RCC_GetFlagStatus                        0x080008a3   Thumb Code    56  stm32f10x_rcc.o(.text)
    RCC_WaitForHSEStartUp                    0x080008db   Thumb Code    56  stm32f10x_rcc.o(.text)
    RCC_AdjustHSICalibrationValue            0x08000913   Thumb Code    20  stm32f10x_rcc.o(.text)
    RCC_HSICmd                               0x08000927   Thumb Code     6  stm32f10x_rcc.o(.text)
    RCC_PLLConfig                            0x0800092d   Thumb Code    24  stm32f10x_rcc.o(.text)
    RCC_PLLCmd                               0x08000945   Thumb Code     6  stm32f10x_rcc.o(.text)
    RCC_SYSCLKConfig                         0x0800094b   Thumb Code    18  stm32f10x_rcc.o(.text)
    RCC_GetSYSCLKSource                      0x0800095d   Thumb Code    10  stm32f10x_rcc.o(.text)
    RCC_HCLKConfig                           0x08000967   Thumb Code    18  stm32f10x_rcc.o(.text)
    RCC_PCLK1Config                          0x08000979   Thumb Code    18  stm32f10x_rcc.o(.text)
    RCC_PCLK2Config                          0x0800098b   Thumb Code    20  stm32f10x_rcc.o(.text)
    RCC_ITConfig                             0x0800099f   Thumb Code    26  stm32f10x_rcc.o(.text)
    RCC_USBCLKConfig                         0x080009b9   Thumb Code     8  stm32f10x_rcc.o(.text)
    RCC_ADCCLKConfig                         0x080009c1   Thumb Code    18  stm32f10x_rcc.o(.text)
    RCC_LSEConfig                            0x080009d3   Thumb Code    50  stm32f10x_rcc.o(.text)
    RCC_LSICmd                               0x08000a05   Thumb Code     6  stm32f10x_rcc.o(.text)
    RCC_RTCCLKConfig                         0x08000a0b   Thumb Code    12  stm32f10x_rcc.o(.text)
    RCC_RTCCLKCmd                            0x08000a17   Thumb Code     8  stm32f10x_rcc.o(.text)
    RCC_GetClocksFreq                        0x08000a1f   Thumb Code   192  stm32f10x_rcc.o(.text)
    RCC_AHBPeriphClockCmd                    0x08000adf   Thumb Code    26  stm32f10x_rcc.o(.text)
    RCC_APB2PeriphClockCmd                   0x08000af9   Thumb Code    26  stm32f10x_rcc.o(.text)
    RCC_APB1PeriphClockCmd                   0x08000b13   Thumb Code    26  stm32f10x_rcc.o(.text)
    RCC_APB2PeriphResetCmd                   0x08000b2d   Thumb Code    26  stm32f10x_rcc.o(.text)
    RCC_APB1PeriphResetCmd                   0x08000b47   Thumb Code    26  stm32f10x_rcc.o(.text)
    RCC_BackupResetCmd                       0x08000b61   Thumb Code     8  stm32f10x_rcc.o(.text)
    RCC_ClockSecuritySystemCmd               0x08000b69   Thumb Code     6  stm32f10x_rcc.o(.text)
    RCC_MCOConfig                            0x08000b6f   Thumb Code     6  stm32f10x_rcc.o(.text)
    RCC_ClearFlag                            0x08000b75   Thumb Code    14  stm32f10x_rcc.o(.text)
    RCC_GetITStatus                          0x08000b83   Thumb Code    20  stm32f10x_rcc.o(.text)
    RCC_ClearITPendingBit                    0x08000b97   Thumb Code     6  stm32f10x_rcc.o(.text)
    USART_DeInit                             0x08000bc1   Thumb Code   134  stm32f10x_usart.o(.text)
    USART_Init                               0x08000c47   Thumb Code   210  stm32f10x_usart.o(.text)
    USART_StructInit                         0x08000d19   Thumb Code    24  stm32f10x_usart.o(.text)
    USART_ClockInit                          0x08000d31   Thumb Code    34  stm32f10x_usart.o(.text)
    USART_ClockStructInit                    0x08000d53   Thumb Code    12  stm32f10x_usart.o(.text)
    USART_Cmd                                0x08000d5f   Thumb Code    24  stm32f10x_usart.o(.text)
    USART_ITConfig                           0x08000d77   Thumb Code    74  stm32f10x_usart.o(.text)
    USART_DMACmd                             0x08000dc1   Thumb Code    18  stm32f10x_usart.o(.text)
    USART_SetAddress                         0x08000dd3   Thumb Code    18  stm32f10x_usart.o(.text)
    USART_WakeUpConfig                       0x08000de5   Thumb Code    18  stm32f10x_usart.o(.text)
    USART_ReceiverWakeUpCmd                  0x08000df7   Thumb Code    24  stm32f10x_usart.o(.text)
    USART_LINBreakDetectLengthConfig         0x08000e0f   Thumb Code    18  stm32f10x_usart.o(.text)
    USART_LINCmd                             0x08000e21   Thumb Code    24  stm32f10x_usart.o(.text)
    USART_SendData                           0x08000e39   Thumb Code     8  stm32f10x_usart.o(.text)
    USART_ReceiveData                        0x08000e41   Thumb Code    10  stm32f10x_usart.o(.text)
    USART_SendBreak                          0x08000e4b   Thumb Code    10  stm32f10x_usart.o(.text)
    USART_SetGuardTime                       0x08000e55   Thumb Code    16  stm32f10x_usart.o(.text)
    USART_SetPrescaler                       0x08000e65   Thumb Code    16  stm32f10x_usart.o(.text)
    USART_SmartCardCmd                       0x08000e75   Thumb Code    24  stm32f10x_usart.o(.text)
    USART_SmartCardNACKCmd                   0x08000e8d   Thumb Code    24  stm32f10x_usart.o(.text)
    USART_HalfDuplexCmd                      0x08000ea5   Thumb Code    24  stm32f10x_usart.o(.text)
    USART_OverSampling8Cmd                   0x08000ebd   Thumb Code    22  stm32f10x_usart.o(.text)
    USART_OneBitMethodCmd                    0x08000ed3   Thumb Code    24  stm32f10x_usart.o(.text)
    USART_IrDAConfig                         0x08000eeb   Thumb Code    18  stm32f10x_usart.o(.text)
    USART_IrDACmd                            0x08000efd   Thumb Code    24  stm32f10x_usart.o(.text)
    USART_GetFlagStatus                      0x08000f15   Thumb Code    26  stm32f10x_usart.o(.text)
    USART_ClearFlag                          0x08000f2f   Thumb Code    18  stm32f10x_usart.o(.text)
    USART_GetITStatus                        0x08000f41   Thumb Code    84  stm32f10x_usart.o(.text)
    USART_ClearITPendingBit                  0x08000f95   Thumb Code    52  stm32f10x_usart.o(.text)
    ADC_DeInit                               0x08000fc9   Thumb Code    78  stm32f10x_adc.o(.text)
    ADC_Init                                 0x08001017   Thumb Code    70  stm32f10x_adc.o(.text)
    ADC_StructInit                           0x0800105d   Thumb Code    18  stm32f10x_adc.o(.text)
    ADC_Cmd                                  0x0800106f   Thumb Code    22  stm32f10x_adc.o(.text)
    ADC_DMACmd                               0x08001085   Thumb Code    22  stm32f10x_adc.o(.text)
    ADC_ITConfig                             0x0800109b   Thumb Code    24  stm32f10x_adc.o(.text)
    ADC_ResetCalibration                     0x080010b3   Thumb Code    10  stm32f10x_adc.o(.text)
    ADC_GetResetCalibrationStatus            0x080010bd   Thumb Code    20  stm32f10x_adc.o(.text)
    ADC_StartCalibration                     0x080010d1   Thumb Code    10  stm32f10x_adc.o(.text)
    ADC_GetCalibrationStatus                 0x080010db   Thumb Code    20  stm32f10x_adc.o(.text)
    ADC_SoftwareStartConvCmd                 0x080010ef   Thumb Code    22  stm32f10x_adc.o(.text)
    ADC_GetSoftwareStartConvStatus           0x08001105   Thumb Code    20  stm32f10x_adc.o(.text)
    ADC_DiscModeChannelCountConfig           0x08001119   Thumb Code    24  stm32f10x_adc.o(.text)
    ADC_DiscModeCmd                          0x08001131   Thumb Code    22  stm32f10x_adc.o(.text)
    ADC_RegularChannelConfig                 0x08001147   Thumb Code   184  stm32f10x_adc.o(.text)
    ADC_ExternalTrigConvCmd                  0x080011ff   Thumb Code    22  stm32f10x_adc.o(.text)
    ADC_GetConversionValue                   0x08001215   Thumb Code     8  stm32f10x_adc.o(.text)
    ADC_GetDualModeConversionValue           0x0800121d   Thumb Code     8  stm32f10x_adc.o(.text)
    ADC_AutoInjectedConvCmd                  0x08001225   Thumb Code    22  stm32f10x_adc.o(.text)
    ADC_InjectedDiscModeCmd                  0x0800123b   Thumb Code    22  stm32f10x_adc.o(.text)
    ADC_ExternalTrigInjectedConvConfig       0x08001251   Thumb Code    16  stm32f10x_adc.o(.text)
    ADC_ExternalTrigInjectedConvCmd          0x08001261   Thumb Code    22  stm32f10x_adc.o(.text)
    ADC_SoftwareStartInjectedConvCmd         0x08001277   Thumb Code    22  stm32f10x_adc.o(.text)
    ADC_GetSoftwareStartInjectedConvCmdStatus 0x0800128d   Thumb Code    20  stm32f10x_adc.o(.text)
    ADC_InjectedChannelConfig                0x080012a1   Thumb Code   130  stm32f10x_adc.o(.text)
    ADC_InjectedSequencerLengthConfig        0x08001323   Thumb Code    24  stm32f10x_adc.o(.text)
    ADC_SetInjectedOffset                    0x0800133b   Thumb Code    20  stm32f10x_adc.o(.text)
    ADC_GetInjectedConversionValue           0x0800134f   Thumb Code    28  stm32f10x_adc.o(.text)
    ADC_AnalogWatchdogCmd                    0x0800136b   Thumb Code    16  stm32f10x_adc.o(.text)
    ADC_AnalogWatchdogThresholdsConfig       0x0800137b   Thumb Code     6  stm32f10x_adc.o(.text)
    ADC_AnalogWatchdogSingleChannelConfig    0x08001381   Thumb Code    16  stm32f10x_adc.o(.text)
    ADC_TempSensorVrefintCmd                 0x08001391   Thumb Code    64  stm32f10x_adc.o(.text)
    ADC_GetFlagStatus                        0x080013d1   Thumb Code    18  stm32f10x_adc.o(.text)
    ADC_ClearFlag                            0x080013e3   Thumb Code     6  stm32f10x_adc.o(.text)
    ADC_GetITStatus                          0x080013e9   Thumb Code    36  stm32f10x_adc.o(.text)
    ADC_ClearITPendingBit                    0x0800140d   Thumb Code    10  stm32f10x_adc.o(.text)
    DMA_DeInit                               0x08001419   Thumb Code   324  stm32f10x_dma.o(.text)
    DMA_Init                                 0x0800155d   Thumb Code    60  stm32f10x_dma.o(.text)
    DMA_StructInit                           0x08001599   Thumb Code    26  stm32f10x_dma.o(.text)
    DMA_Cmd                                  0x080015b3   Thumb Code    24  stm32f10x_dma.o(.text)
    DMA_ITConfig                             0x080015cb   Thumb Code    18  stm32f10x_dma.o(.text)
    DMA_SetCurrDataCounter                   0x080015dd   Thumb Code     4  stm32f10x_dma.o(.text)
    DMA_GetCurrDataCounter                   0x080015e1   Thumb Code     8  stm32f10x_dma.o(.text)
    DMA_GetFlagStatus                        0x080015e9   Thumb Code    40  stm32f10x_dma.o(.text)
    DMA_ClearFlag                            0x08001611   Thumb Code    22  stm32f10x_dma.o(.text)
    DMA_GetITStatus                          0x08001627   Thumb Code    40  stm32f10x_dma.o(.text)
    DMA_ClearITPendingBit                    0x0800164f   Thumb Code    22  stm32f10x_dma.o(.text)
    TIM_DeInit                               0x0800166d   Thumb Code   424  stm32f10x_tim.o(.text)
    TIM_TimeBaseInit                         0x08001815   Thumb Code   122  stm32f10x_tim.o(.text)
    TIM_OC1Init                              0x0800188f   Thumb Code   132  stm32f10x_tim.o(.text)
    TIM_OC2Init                              0x08001913   Thumb Code   154  stm32f10x_tim.o(.text)
    TIM_OC3Init                              0x080019ad   Thumb Code   150  stm32f10x_tim.o(.text)
    TIM_OC4Init                              0x08001a43   Thumb Code   182  stm32f10x_tim.o(.text)
    TIM_SetIC4Prescaler                      0x08001af9   Thumb Code    26  stm32f10x_tim.o(.text)
    TIM_SetIC3Prescaler                      0x08001b95   Thumb Code    18  stm32f10x_tim.o(.text)
    TIM_SetIC2Prescaler                      0x08001c21   Thumb Code    26  stm32f10x_tim.o(.text)
    TIM_SetIC1Prescaler                      0x08001cbd   Thumb Code    18  stm32f10x_tim.o(.text)
    TIM_ICInit                               0x08001d3b   Thumb Code   150  stm32f10x_tim.o(.text)
    TIM_PWMIConfig                           0x08001dd1   Thumb Code   124  stm32f10x_tim.o(.text)
    TIM_BDTRConfig                           0x08001e4d   Thumb Code    32  stm32f10x_tim.o(.text)
    TIM_TimeBaseStructInit                   0x08001e6d   Thumb Code    18  stm32f10x_tim.o(.text)
    TIM_OCStructInit                         0x08001e7f   Thumb Code    20  stm32f10x_tim.o(.text)
    TIM_ICStructInit                         0x08001e93   Thumb Code    18  stm32f10x_tim.o(.text)
    TIM_BDTRStructInit                       0x08001ea5   Thumb Code    40  stm32f10x_tim.o(.text)
    TIM_Cmd                                  0x08001ecd   Thumb Code    24  stm32f10x_tim.o(.text)
    TIM_CtrlPWMOutputs                       0x08001ee5   Thumb Code    30  stm32f10x_tim.o(.text)
    TIM_ITConfig                             0x08001f03   Thumb Code    18  stm32f10x_tim.o(.text)
    TIM_GenerateEvent                        0x08001f15   Thumb Code     4  stm32f10x_tim.o(.text)
    TIM_DMAConfig                            0x08001f19   Thumb Code    10  stm32f10x_tim.o(.text)
    TIM_DMACmd                               0x08001f23   Thumb Code    18  stm32f10x_tim.o(.text)
    TIM_InternalClockConfig                  0x08001f35   Thumb Code    12  stm32f10x_tim.o(.text)
    TIM_SelectInputTrigger                   0x08001f41   Thumb Code    18  stm32f10x_tim.o(.text)
    TIM_ITRxExternalClockConfig              0x08001f53   Thumb Code    24  stm32f10x_tim.o(.text)
    TIM_TIxExternalClockConfig               0x08001f6b   Thumb Code    62  stm32f10x_tim.o(.text)
    TIM_ETRConfig                            0x08001fa9   Thumb Code    28  stm32f10x_tim.o(.text)
    TIM_ETRClockMode1Config                  0x08001fc5   Thumb Code    54  stm32f10x_tim.o(.text)
    TIM_ETRClockMode2Config                  0x08001ffb   Thumb Code    32  stm32f10x_tim.o(.text)
    TIM_PrescalerConfig                      0x0800201b   Thumb Code     6  stm32f10x_tim.o(.text)
    TIM_CounterModeConfig                    0x08002021   Thumb Code    18  stm32f10x_tim.o(.text)
    TIM_EncoderInterfaceConfig               0x08002033   Thumb Code    66  stm32f10x_tim.o(.text)
    TIM_ForcedOC1Config                      0x08002075   Thumb Code    18  stm32f10x_tim.o(.text)
    TIM_ForcedOC2Config                      0x08002087   Thumb Code    26  stm32f10x_tim.o(.text)
    TIM_ForcedOC3Config                      0x080020a1   Thumb Code    18  stm32f10x_tim.o(.text)
    TIM_ForcedOC4Config                      0x080020b3   Thumb Code    26  stm32f10x_tim.o(.text)
    TIM_ARRPreloadConfig                     0x080020cd   Thumb Code    24  stm32f10x_tim.o(.text)
    TIM_SelectCOM                            0x080020e5   Thumb Code    24  stm32f10x_tim.o(.text)
    TIM_SelectCCDMA                          0x080020fd   Thumb Code    24  stm32f10x_tim.o(.text)
    TIM_CCPreloadControl                     0x08002115   Thumb Code    24  stm32f10x_tim.o(.text)
    TIM_OC1PreloadConfig                     0x0800212d   Thumb Code    18  stm32f10x_tim.o(.text)
    TIM_OC2PreloadConfig                     0x0800213f   Thumb Code    26  stm32f10x_tim.o(.text)
    TIM_OC3PreloadConfig                     0x08002159   Thumb Code    18  stm32f10x_tim.o(.text)
    TIM_OC4PreloadConfig                     0x0800216b   Thumb Code    26  stm32f10x_tim.o(.text)
    TIM_OC1FastConfig                        0x08002185   Thumb Code    18  stm32f10x_tim.o(.text)
    TIM_OC2FastConfig                        0x08002197   Thumb Code    26  stm32f10x_tim.o(.text)
    TIM_OC3FastConfig                        0x080021b1   Thumb Code    18  stm32f10x_tim.o(.text)
    TIM_OC4FastConfig                        0x080021c3   Thumb Code    26  stm32f10x_tim.o(.text)
    TIM_ClearOC1Ref                          0x080021dd   Thumb Code    18  stm32f10x_tim.o(.text)
    TIM_ClearOC2Ref                          0x080021ef   Thumb Code    24  stm32f10x_tim.o(.text)
    TIM_ClearOC3Ref                          0x08002207   Thumb Code    18  stm32f10x_tim.o(.text)
    TIM_ClearOC4Ref                          0x08002219   Thumb Code    24  stm32f10x_tim.o(.text)
    TIM_OC1PolarityConfig                    0x08002231   Thumb Code    18  stm32f10x_tim.o(.text)
    TIM_OC1NPolarityConfig                   0x08002243   Thumb Code    18  stm32f10x_tim.o(.text)
    TIM_OC2PolarityConfig                    0x08002255   Thumb Code    26  stm32f10x_tim.o(.text)
    TIM_OC2NPolarityConfig                   0x0800226f   Thumb Code    26  stm32f10x_tim.o(.text)
    TIM_OC3PolarityConfig                    0x08002289   Thumb Code    26  stm32f10x_tim.o(.text)
    TIM_OC3NPolarityConfig                   0x080022a3   Thumb Code    26  stm32f10x_tim.o(.text)
    TIM_OC4PolarityConfig                    0x080022bd   Thumb Code    26  stm32f10x_tim.o(.text)
    TIM_CCxCmd                               0x080022d7   Thumb Code    30  stm32f10x_tim.o(.text)
    TIM_CCxNCmd                              0x080022f5   Thumb Code    30  stm32f10x_tim.o(.text)
    TIM_SelectOCxM                           0x08002313   Thumb Code    82  stm32f10x_tim.o(.text)
    TIM_UpdateDisableConfig                  0x08002365   Thumb Code    24  stm32f10x_tim.o(.text)
    TIM_UpdateRequestConfig                  0x0800237d   Thumb Code    24  stm32f10x_tim.o(.text)
    TIM_SelectHallSensor                     0x08002395   Thumb Code    24  stm32f10x_tim.o(.text)
    TIM_SelectOnePulseMode                   0x080023ad   Thumb Code    18  stm32f10x_tim.o(.text)
    TIM_SelectOutputTrigger                  0x080023bf   Thumb Code    18  stm32f10x_tim.o(.text)
    TIM_SelectSlaveMode                      0x080023d1   Thumb Code    18  stm32f10x_tim.o(.text)
    TIM_SelectMasterSlaveMode                0x080023e3   Thumb Code    18  stm32f10x_tim.o(.text)
    TIM_SetCounter                           0x080023f5   Thumb Code     4  stm32f10x_tim.o(.text)
    TIM_SetAutoreload                        0x080023f9   Thumb Code     4  stm32f10x_tim.o(.text)
    TIM_SetCompare1                          0x080023fd   Thumb Code     4  stm32f10x_tim.o(.text)
    TIM_SetCompare2                          0x08002401   Thumb Code     4  stm32f10x_tim.o(.text)
    TIM_SetCompare3                          0x08002405   Thumb Code     4  stm32f10x_tim.o(.text)
    TIM_SetCompare4                          0x08002409   Thumb Code     6  stm32f10x_tim.o(.text)
    TIM_SetClockDivision                     0x0800240f   Thumb Code    18  stm32f10x_tim.o(.text)
    TIM_GetCapture1                          0x08002421   Thumb Code     6  stm32f10x_tim.o(.text)
    TIM_GetCapture2                          0x08002427   Thumb Code     6  stm32f10x_tim.o(.text)
    TIM_GetCapture3                          0x0800242d   Thumb Code     6  stm32f10x_tim.o(.text)
    TIM_GetCapture4                          0x08002433   Thumb Code     8  stm32f10x_tim.o(.text)
    TIM_GetCounter                           0x0800243b   Thumb Code     6  stm32f10x_tim.o(.text)
    TIM_GetPrescaler                         0x08002441   Thumb Code     6  stm32f10x_tim.o(.text)
    TIM_GetFlagStatus                        0x08002447   Thumb Code    18  stm32f10x_tim.o(.text)
    TIM_ClearFlag                            0x08002459   Thumb Code     6  stm32f10x_tim.o(.text)
    TIM_GetITStatus                          0x0800245f   Thumb Code    34  stm32f10x_tim.o(.text)
    TIM_ClearITPendingBit                    0x08002481   Thumb Code     6  stm32f10x_tim.o(.text)
    delay_init                               0x08002489   Thumb Code    56  delay.o(.text)
    delay_us                                 0x080024c1   Thumb Code    72  delay.o(.text)
    delay_ms                                 0x08002509   Thumb Code    72  delay.o(.text)
    STM32_Flash_Capacity                     0x08002559   Thumb Code   154  sys.o(.text)
    STM32_CPUID                              0x080025f3   Thumb Code    20  sys.o(.text)
    MY_NVIC_SetVectorTable                   0x08002607   Thumb Code    14  sys.o(.text)
    MY_NVIC_PriorityGroup_Config             0x08002615   Thumb Code    12  sys.o(.text)
    MY_NVIC_Init                             0x08002621   Thumb Code    42  sys.o(.text)
    MY_RCC_DeInit                            0x0800264b   Thumb Code    90  sys.o(.text)
    SYS_Standby                              0x080026a5   Thumb Code    68  sys.o(.text)
    SYS_SoftReset                            0x080026e9   Thumb Code    10  sys.o(.text)
    STM_JTAG_Set                             0x080026f3   Thumb Code    36  sys.o(.text)
    STM_Clock_Init                           0x08002717   Thumb Code   134  sys.o(.text)
    BCD_to_HEX                               0x0800279d   Thumb Code    26  sys.o(.text)
    HEX_to_BCD                               0x080027b7   Thumb Code    20  sys.o(.text)
    DX_to_HX                                 0x080027cb   Thumb Code    70  sys.o(.text)
    HX_to_DX                                 0x08002811   Thumb Code    48  sys.o(.text)
    _sys_exit                                0x08002875   Thumb Code     4  usart.o(.text)
    fputc                                    0x08002879   Thumb Code    24  usart.o(.text)
    USARTx_Init                              0x08002891   Thumb Code   170  usart.o(.text)
    USART1_IRQHandler                        0x0800293b   Thumb Code   180  usart.o(.text)
    ADC_GPIO_Configuration                   0x08002a01   Thumb Code    38  main.o(.text)
    ADC_TIM3_Configuration                   0x08002a27   Thumb Code    58  main.o(.text)
    ADC_DMA_NVIC_Configuration               0x08002a61   Thumb Code    48  main.o(.text)
    ADC_DMA_Configuration                    0x08002a91   Thumb Code    94  main.o(.text)
    ADC_Init_Configuration                   0x08002aef   Thumb Code   158  main.o(.text)
    Adc_Init                                 0x08002b8d   Thumb Code    20  main.o(.text)
    DMA1_Channel1_IRQHandler                 0x08002ba1   Thumb Code    24  main.o(.text)
    GetPowerMag                              0x08002bb9   Thumb Code   280  main.o(.text)
    Get_FFT_Source_Data                      0x08002cd1   Thumb Code    30  main.o(.text)
    FFT_test                                 0x08002cef   Thumb Code    26  main.o(.text)
    main                                     0x08002d09   Thumb Code   196  main.o(.text)
    TIM3_Int_Init                            0x08002e09   Thumb Code    90  timer.o(.text)
    TIM3_IRQHandler                          0x08002e63   Thumb Code    96  timer.o(.text)
    AD9833_Init                              0x08002ee5   Thumb Code    50  ad9833.o(.text)
    AD9833_Write                             0x08002f23   Thumb Code   116  ad9833.o(.text)
    AD9833_AmpSet                            0x08002f97   Thumb Code    96  ad9833.o(.text)
    AD9833_WaveSeting                        0x08002ff7   Thumb Code   214  ad9833.o(.text)
    LCD_Fill                                 0x080030d9   Thumb Code    74  lcd.o(.text)
    LCD_DrawPoint                            0x08003123   Thumb Code    28  lcd.o(.text)
    LCD_DrawLine                             0x0800313f   Thumb Code   172  lcd.o(.text)
    LCD_DrawRectangle                        0x080031eb   Thumb Code    74  lcd.o(.text)
    Draw_Circle                              0x08003235   Thumb Code   158  lcd.o(.text)
    LCD_ShowChinese32x32                     0x080032d3   Thumb Code   254  lcd.o(.text)
    LCD_ShowChinese24x24                     0x080033d1   Thumb Code   270  lcd.o(.text)
    LCD_ShowChinese16x16                     0x080034df   Thumb Code   254  lcd.o(.text)
    LCD_ShowChinese                          0x080035dd   Thumb Code   116  lcd.o(.text)
    LCD_ShowChar                             0x08003651   Thumb Code   256  lcd.o(.text)
    LCD_ShowString                           0x08003751   Thumb Code    66  lcd.o(.text)
    mypow                                    0x08003793   Thumb Code    22  lcd.o(.text)
    LCD_ShowIntNum                           0x080037a9   Thumb Code   150  lcd.o(.text)
    LCD_ShowFloatNum1                        0x0800383f   Thumb Code   158  lcd.o(.text)
    LCD_ShowPicture                          0x080038dd   Thumb Code   104  lcd.o(.text)
    LCD_GPIO_Init                            0x08003949   Thumb Code   134  lcd_init.o(.text)
    LCD_Writ_Bus                             0x080039cf   Thumb Code    78  lcd_init.o(.text)
    LCD_WR_DATA8                             0x08003a1d   Thumb Code    12  lcd_init.o(.text)
    LCD_WR_DATA                              0x08003a29   Thumb Code    18  lcd_init.o(.text)
    LCD_WR_REG                               0x08003a3b   Thumb Code    28  lcd_init.o(.text)
    LCD_Address_Set                          0x08003a57   Thumb Code    66  lcd_init.o(.text)
    LCD_Init                                 0x08003a99   Thumb Code   502  lcd_init.o(.text)
    cr4_fft_256_stm32                        0x08003c9d   Thumb Code     0  cr4_fft_256_stm32.o(.text)
    __use_no_semihosting                     0x0800427b   Thumb Code     2  use_no_semi_2.o(.text)
    __2printf                                0x0800427d   Thumb Code    20  noretval__2printf.o(.text)
    __2sprintf                               0x08004295   Thumb Code    34  noretval__2sprintf.o(.text)
    _printf_pre_padding                      0x080042bd   Thumb Code    44  _printf_pad.o(.text)
    _printf_post_padding                     0x080042e9   Thumb Code    34  _printf_pad.o(.text)
    _printf_int_hex                          0x0800430d   Thumb Code    84  _printf_hex_int.o(.text)
    _printf_longlong_hex                     0x0800430d   Thumb Code     0  _printf_hex_int.o(.text)
    __printf                                 0x08004365   Thumb Code   308  __printf_flags_wp.o(.text)
    __use_two_region_memory                  0x0800449d   Thumb Code     2  heapauxi.o(.text)
    __rt_heap_escrow$2region                 0x0800449f   Thumb Code     2  heapauxi.o(.text)
    __rt_heap_expand$2region                 0x080044a1   Thumb Code     2  heapauxi.o(.text)
    __I$use$semihosting                      0x080044a3   Thumb Code     0  use_no_semi.o(.text)
    __use_no_semihosting_swi                 0x080044a3   Thumb Code     2  use_no_semi.o(.text)
    __read_errno                             0x080044a5   Thumb Code    10  _rserrno.o(.text)
    __set_errno                              0x080044af   Thumb Code    12  _rserrno.o(.text)
    _printf_int_common                       0x080044bb   Thumb Code   178  _printf_intcommon.o(.text)
    __lib_sel_fp_printf                      0x0800456d   Thumb Code     2  _printf_fp_dec.o(.text)
    _printf_fp_dec_real                      0x0800471f   Thumb Code   620  _printf_fp_dec.o(.text)
    _printf_char_common                      0x08004997   Thumb Code    32  _printf_char_common.o(.text)
    _sputc                                   0x080049bd   Thumb Code    10  _sputc.o(.text)
    _printf_char_file                        0x080049c9   Thumb Code    32  _printf_char_file.o(.text)
    __rt_locale                              0x080049ed   Thumb Code     8  rt_locale_intlibspace.o(.text)
    __aeabi_errno_addr                       0x080049f5   Thumb Code     8  rt_errno_addr_intlibspace.o(.text)
    __errno$intlibspace                      0x080049f5   Thumb Code     0  rt_errno_addr_intlibspace.o(.text)
    __rt_errno_addr$intlibspace              0x080049f5   Thumb Code     0  rt_errno_addr_intlibspace.o(.text)
    _ll_udiv10                               0x080049fd   Thumb Code   138  lludiv10.o(.text)
    _printf_fp_infnan                        0x08004a89   Thumb Code   112  _printf_fp_infnan.o(.text)
    _btod_etento                             0x08004b09   Thumb Code   224  bigflt0.o(.text)
    ferror                                   0x08004bed   Thumb Code     8  ferror.o(.text)
    __user_libspace                          0x08004bf5   Thumb Code     8  libspace.o(.text)
    __user_perproc_libspace                  0x08004bf5   Thumb Code     0  libspace.o(.text)
    __user_perthread_libspace                0x08004bf5   Thumb Code     0  libspace.o(.text)
    __user_setup_stackheap                   0x08004bfd   Thumb Code    74  sys_stackheap_outer.o(.text)
    exit                                     0x08004c47   Thumb Code    18  exit.o(.text)
    strcmp                                   0x08004c59   Thumb Code   128  strcmpv7m.o(.text)
    _btod_d2e                                0x08004cd9   Thumb Code    62  btod.o(CL$$btod_d2e)
    _d2e_denorm_low                          0x08004d17   Thumb Code    70  btod.o(CL$$btod_d2e_denorm_low)
    _d2e_norm_op1                            0x08004d5d   Thumb Code    96  btod.o(CL$$btod_d2e_norm_op1)
    __btod_div_common                        0x08004dbd   Thumb Code   696  btod.o(CL$$btod_div_common)
    _e2e                                     0x080050f5   Thumb Code   220  btod.o(CL$$btod_e2e)
    _btod_ediv                               0x080051d1   Thumb Code    42  btod.o(CL$$btod_ediv)
    _btod_emul                               0x080051fb   Thumb Code    42  btod.o(CL$$btod_emul)
    __btod_mult_common                       0x08005225   Thumb Code   580  btod.o(CL$$btod_mult_common)
    __ARM_fpclassify                         0x08005469   Thumb Code    40  fpclassify.o(i.__ARM_fpclassify)
    _is_digit                                0x08005491   Thumb Code    14  __printf_wp.o(i._is_digit)
    sqrt                                     0x0800549f   Thumb Code    76  sqrt.o(i.sqrt)
    _get_lc_numeric                          0x080054ed   Thumb Code    44  lc_numeric_c.o(locale$$code)
    __aeabi_d2f                              0x08005519   Thumb Code     0  d2f.o(x$fpl$d2f)
    _d2f                                     0x08005519   Thumb Code    98  d2f.o(x$fpl$d2f)
    __aeabi_ddiv                             0x0800557d   Thumb Code     0  ddiv.o(x$fpl$ddiv)
    _ddiv                                    0x0800557d   Thumb Code   552  ddiv.o(x$fpl$ddiv)
    __aeabi_d2iz                             0x0800582d   Thumb Code     0  dfix.o(x$fpl$dfix)
    _dfix                                    0x0800582d   Thumb Code    94  dfix.o(x$fpl$dfix)
    __aeabi_dmul                             0x0800588d   Thumb Code     0  dmul.o(x$fpl$dmul)
    _dmul                                    0x0800588d   Thumb Code   332  dmul.o(x$fpl$dmul)
    __fpl_dnaninf                            0x080059e1   Thumb Code   156  dnaninf.o(x$fpl$dnaninf)
    __fpl_dretinf                            0x08005a7d   Thumb Code    12  dretinf.o(x$fpl$dretinf)
    _dsqrt                                   0x08005a89   Thumb Code   456  dsqrt_noumaal.o(x$fpl$dsqrt)
    __aeabi_f2d                              0x08005c55   Thumb Code     0  f2d.o(x$fpl$f2d)
    _f2d                                     0x08005c55   Thumb Code    86  f2d.o(x$fpl$f2d)
    __aeabi_fadd                             0x08005cad   Thumb Code     0  faddsub_clz.o(x$fpl$fadd)
    _fadd                                    0x08005cad   Thumb Code   196  faddsub_clz.o(x$fpl$fadd)
    __aeabi_fdiv                             0x08005d71   Thumb Code     0  fdiv.o(x$fpl$fdiv)
    _fdiv                                    0x08005d71   Thumb Code   384  fdiv.o(x$fpl$fdiv)
    __aeabi_f2uiz                            0x08005ef5   Thumb Code     0  ffixu.o(x$fpl$ffixu)
    _ffixu                                   0x08005ef5   Thumb Code    62  ffixu.o(x$fpl$ffixu)
    __aeabi_i2f                              0x08005f35   Thumb Code     0  fflt_clz.o(x$fpl$fflt)
    _fflt                                    0x08005f35   Thumb Code    48  fflt_clz.o(x$fpl$fflt)
    __aeabi_ui2f                             0x08005f65   Thumb Code     0  fflt_clz.o(x$fpl$ffltu)
    _ffltu                                   0x08005f65   Thumb Code    38  fflt_clz.o(x$fpl$ffltu)
    __aeabi_fmul                             0x08005f8d   Thumb Code     0  fmul.o(x$fpl$fmul)
    _fmul                                    0x08005f8d   Thumb Code   258  fmul.o(x$fpl$fmul)
    __fpl_fnaninf                            0x0800608f   Thumb Code   140  fnaninf.o(x$fpl$fnaninf)
    __fpl_fretinf                            0x0800611b   Thumb Code    10  fretinf.o(x$fpl$fretinf)
    __aeabi_fsub                             0x08006125   Thumb Code     0  faddsub_clz.o(x$fpl$fsub)
    _fsub                                    0x08006125   Thumb Code   234  faddsub_clz.o(x$fpl$fsub)
    _printf_fp_dec                           0x0800620f   Thumb Code     4  printf1.o(x$fpl$printf1)
    __I$use$fp                               0x08006212   Number         0  usenofp.o(x$fpl$usenofp)
    ascii_1608                               0x08006212   Data        1520  lcd.o(.constdata)
    ascii_3216                               0x08006802   Data        6080  lcd.o(.constdata)
    tfont16                                  0x08007fc2   Data         170  lcd.o(.constdata)
    tfont24                                  0x0800806c   Data         370  lcd.o(.constdata)
    tfont32                                  0x080081de   Data         650  lcd.o(.constdata)
    Region$$Table$$Base                      0x08008538   Number         0  anon$$obj.o(Region$$Table)
    Region$$Table$$Limit                     0x08008558   Number         0  anon$$obj.o(Region$$Table)
    SystemCoreClock                          0x20000000   Data           4  system_stm32f10x.o(.data)
    AHBPrescTable                            0x20000004   Data          16  system_stm32f10x.o(.data)
    __stdout                                 0x2000002c   Data           4  usart.o(.data)
    USART_RX_STA                             0x20000030   Data           2  usart.o(.data)
    test_i                                   0x20000034   Data           4  main.o(.data)
    raw_f_sum                                0x20000038   Data           4  main.o(.data)
    avg_raw_f                                0x2000003c   Data           4  main.o(.data)
    FFT_num                                  0x20000040   Data           4  main.o(.data)
    global                                   0x20000044   Data           1  main.o(.data)
    adc_finish_fg                            0x20000045   Data           1  main.o(.data)
    maxMagIndex                              0x20000046   Data           2  main.o(.data)
    input_raw_f                              0x20000048   Data           4  main.o(.data)
    counter                                  0x2000004c   Data           4  timer.o(.data)
    end                                      0x20000050   Data           4  timer.o(.data)
    USART_RX_BUF                             0x20000054   Data          63  usart.o(.bss)
    ADC_SourceData                           0x20000094   Data         512  main.o(.bss)
    FFT_SourceData                           0x20000294   Data        1024  main.o(.bss)
    FFT_OutData                              0x20000694   Data         512  main.o(.bss)
    FFT_Mag                                  0x20000894   Data         512  main.o(.bss)
    adc_buf                                  0x20000a94   Data         224  timer.o(.bss)
    __libspace_start                         0x20000b74   Data          96  libspace.o(.bss)
    __temporary_stack_top$libspace           0x20000bd4   Data           0  libspace.o(.bss)



==============================================================================

Memory Map of the image

  Image Entry point : 0x080000ed

  Load Region LR_IROM1 (Base: 0x08000000, Size: 0x000085c8, Max: 0x00020000, ABSOLUTE)

    Execution Region ER_IROM1 (Exec base: 0x08000000, Load base: 0x08000000, Size: 0x00008574, Max: 0x00020000, ABSOLUTE)

    Exec Addr    Load Addr    Size         Type   Attr      Idx    E Section Name        Object

    0x08000000   0x08000000   0x000000ec   Data   RO          139    RESET               startup_stm32f10x_md.o
    0x080000ec   0x080000ec   0x00000008   Code   RO          783  * !!!main             c_w.l(__main.o)
    0x080000f4   0x080000f4   0x00000034   Code   RO         1066    !!!scatter          c_w.l(__scatter.o)
    0x08000128   0x08000128   0x0000001a   Code   RO         1068    !!handler_copy      c_w.l(__scatter_copy.o)
    0x08000142   0x08000142   0x00000002   PAD
    0x08000144   0x08000144   0x0000001c   Code   RO         1070    !!handler_zi        c_w.l(__scatter_zi.o)
    0x08000160   0x08000160   0x00000000   Code   RO          780    .ARM.Collect$$_printf_percent$$00000000  c_w.l(_printf_percent.o)
    0x08000160   0x08000160   0x00000006   Code   RO          779    .ARM.Collect$$_printf_percent$$00000003  c_w.l(_printf_f.o)
    0x08000166   0x08000166   0x00000006   Code   RO          778    .ARM.Collect$$_printf_percent$$0000000C  c_w.l(_printf_x.o)
    0x0800016c   0x0800016c   0x00000004   Code   RO          846    .ARM.Collect$$_printf_percent$$00000017  c_w.l(_printf_percent_end.o)
    0x08000170   0x08000170   0x00000002   Code   RO          943    .ARM.Collect$$libinit$$00000000  c_w.l(libinit.o)
    0x08000172   0x08000172   0x00000000   Code   RO          945    .ARM.Collect$$libinit$$00000002  c_w.l(libinit2.o)
    0x08000172   0x08000172   0x00000000   Code   RO          947    .ARM.Collect$$libinit$$00000004  c_w.l(libinit2.o)
    0x08000172   0x08000172   0x00000000   Code   RO          950    .ARM.Collect$$libinit$$0000000A  c_w.l(libinit2.o)
    0x08000172   0x08000172   0x00000000   Code   RO          952    .ARM.Collect$$libinit$$0000000C  c_w.l(libinit2.o)
    0x08000172   0x08000172   0x00000000   Code   RO          954    .ARM.Collect$$libinit$$0000000E  c_w.l(libinit2.o)
    0x08000172   0x08000172   0x00000006   Code   RO          955    .ARM.Collect$$libinit$$0000000F  c_w.l(libinit2.o)
    0x08000178   0x08000178   0x00000000   Code   RO          957    .ARM.Collect$$libinit$$00000011  c_w.l(libinit2.o)
    0x08000178   0x08000178   0x00000000   Code   RO          959    .ARM.Collect$$libinit$$00000013  c_w.l(libinit2.o)
    0x08000178   0x08000178   0x00000000   Code   RO          961    .ARM.Collect$$libinit$$00000015  c_w.l(libinit2.o)
    0x08000178   0x08000178   0x0000000a   Code   RO          962    .ARM.Collect$$libinit$$00000016  c_w.l(libinit2.o)
    0x08000182   0x08000182   0x00000000   Code   RO          963    .ARM.Collect$$libinit$$00000017  c_w.l(libinit2.o)
    0x08000182   0x08000182   0x00000000   Code   RO          965    .ARM.Collect$$libinit$$00000019  c_w.l(libinit2.o)
    0x08000182   0x08000182   0x00000000   Code   RO          967    .ARM.Collect$$libinit$$0000001B  c_w.l(libinit2.o)
    0x08000182   0x08000182   0x00000000   Code   RO          969    .ARM.Collect$$libinit$$0000001D  c_w.l(libinit2.o)
    0x08000182   0x08000182   0x00000000   Code   RO          971    .ARM.Collect$$libinit$$0000001F  c_w.l(libinit2.o)
    0x08000182   0x08000182   0x00000000   Code   RO          973    .ARM.Collect$$libinit$$00000021  c_w.l(libinit2.o)
    0x08000182   0x08000182   0x00000000   Code   RO          975    .ARM.Collect$$libinit$$00000023  c_w.l(libinit2.o)
    0x08000182   0x08000182   0x00000000   Code   RO          977    .ARM.Collect$$libinit$$00000025  c_w.l(libinit2.o)
    0x08000182   0x08000182   0x00000000   Code   RO          981    .ARM.Collect$$libinit$$0000002C  c_w.l(libinit2.o)
    0x08000182   0x08000182   0x00000000   Code   RO          983    .ARM.Collect$$libinit$$0000002E  c_w.l(libinit2.o)
    0x08000182   0x08000182   0x00000000   Code   RO          985    .ARM.Collect$$libinit$$00000030  c_w.l(libinit2.o)
    0x08000182   0x08000182   0x00000000   Code   RO          987    .ARM.Collect$$libinit$$00000032  c_w.l(libinit2.o)
    0x08000182   0x08000182   0x00000002   Code   RO          988    .ARM.Collect$$libinit$$00000033  c_w.l(libinit2.o)
    0x08000184   0x08000184   0x00000002   Code   RO         1016    .ARM.Collect$$libshutdown$$00000000  c_w.l(libshutdown.o)
    0x08000186   0x08000186   0x00000000   Code   RO         1025    .ARM.Collect$$libshutdown$$00000002  c_w.l(libshutdown2.o)
    0x08000186   0x08000186   0x00000000   Code   RO         1027    .ARM.Collect$$libshutdown$$00000004  c_w.l(libshutdown2.o)
    0x08000186   0x08000186   0x00000000   Code   RO         1030    .ARM.Collect$$libshutdown$$00000007  c_w.l(libshutdown2.o)
    0x08000186   0x08000186   0x00000000   Code   RO         1033    .ARM.Collect$$libshutdown$$0000000A  c_w.l(libshutdown2.o)
    0x08000186   0x08000186   0x00000000   Code   RO         1035    .ARM.Collect$$libshutdown$$0000000C  c_w.l(libshutdown2.o)
    0x08000186   0x08000186   0x00000000   Code   RO         1038    .ARM.Collect$$libshutdown$$0000000F  c_w.l(libshutdown2.o)
    0x08000186   0x08000186   0x00000002   Code   RO         1039    .ARM.Collect$$libshutdown$$00000010  c_w.l(libshutdown2.o)
    0x08000188   0x08000188   0x00000000   Code   RO          833    .ARM.Collect$$rtentry$$00000000  c_w.l(__rtentry.o)
    0x08000188   0x08000188   0x00000000   Code   RO          861    .ARM.Collect$$rtentry$$00000002  c_w.l(__rtentry2.o)
    0x08000188   0x08000188   0x00000006   Code   RO          873    .ARM.Collect$$rtentry$$00000004  c_w.l(__rtentry4.o)
    0x0800018e   0x0800018e   0x00000000   Code   RO          863    .ARM.Collect$$rtentry$$00000009  c_w.l(__rtentry2.o)
    0x0800018e   0x0800018e   0x00000004   Code   RO          864    .ARM.Collect$$rtentry$$0000000A  c_w.l(__rtentry2.o)
    0x08000192   0x08000192   0x00000000   Code   RO          866    .ARM.Collect$$rtentry$$0000000C  c_w.l(__rtentry2.o)
    0x08000192   0x08000192   0x00000008   Code   RO          867    .ARM.Collect$$rtentry$$0000000D  c_w.l(__rtentry2.o)
    0x0800019a   0x0800019a   0x00000002   Code   RO          989    .ARM.Collect$$rtexit$$00000000  c_w.l(rtexit.o)
    0x0800019c   0x0800019c   0x00000000   Code   RO          996    .ARM.Collect$$rtexit$$00000002  c_w.l(rtexit2.o)
    0x0800019c   0x0800019c   0x00000004   Code   RO          997    .ARM.Collect$$rtexit$$00000003  c_w.l(rtexit2.o)
    0x080001a0   0x080001a0   0x00000006   Code   RO          998    .ARM.Collect$$rtexit$$00000004  c_w.l(rtexit2.o)
    0x080001a6   0x080001a6   0x00000002   PAD
    0x080001a8   0x080001a8   0x00000002   Code   RO          445    .emb_text           sys.o
    0x080001aa   0x080001aa   0x0000001a   Code   RO           17    .text               stm32f10x_it.o
    0x080001c4   0x080001c4   0x000001e0   Code   RO          119    .text               system_stm32f10x.o
    0x080003a4   0x080003a4   0x00000040   Code   RO          140    .text               startup_stm32f10x_md.o
    0x080003e4   0x080003e4   0x000000dc   Code   RO          144    .text               misc.o
    0x080004c0   0x080004c0   0x0000035c   Code   RO          183    .text               stm32f10x_gpio.o
    0x0800081c   0x0800081c   0x000003a4   Code   RO          195    .text               stm32f10x_rcc.o
    0x08000bc0   0x08000bc0   0x00000408   Code   RO          209    .text               stm32f10x_usart.o
    0x08000fc8   0x08000fc8   0x0000044e   Code   RO          221    .text               stm32f10x_adc.o
    0x08001416   0x08001416   0x00000002   PAD
    0x08001418   0x08001418   0x00000254   Code   RO          305    .text               stm32f10x_dma.o
    0x0800166c   0x0800166c   0x00000e1a   Code   RO          407    .text               stm32f10x_tim.o
    0x08002486   0x08002486   0x00000002   PAD
    0x08002488   0x08002488   0x000000d0   Code   RO          431    .text               delay.o
    0x08002558   0x08002558   0x0000031c   Code   RO          446    .text               sys.o
    0x08002874   0x08002874   0x0000018c   Code   RO          461    .text               usart.o
    0x08002a00   0x08002a00   0x00000408   Code   RO          487    .text               main.o
    0x08002e08   0x08002e08   0x000000dc   Code   RO          644    .text               timer.o
    0x08002ee4   0x08002ee4   0x000001f4   Code   RO          664    .text               ad9833.o
    0x080030d8   0x080030d8   0x00000870   Code   RO          679    .text               lcd.o
    0x08003948   0x08003948   0x00000354   Code   RO          703    .text               lcd_init.o
    0x08003c9c   0x08003c9c   0x000005de   Code   RO          715    .text               cr4_fft_256_stm32.o
    0x0800427a   0x0800427a   0x00000002   Code   RO          723    .text               c_w.l(use_no_semi_2.o)
    0x0800427c   0x0800427c   0x00000018   Code   RO          729    .text               c_w.l(noretval__2printf.o)
    0x08004294   0x08004294   0x00000028   Code   RO          731    .text               c_w.l(noretval__2sprintf.o)
    0x080042bc   0x080042bc   0x0000004e   Code   RO          735    .text               c_w.l(_printf_pad.o)
    0x0800430a   0x0800430a   0x00000002   PAD
    0x0800430c   0x0800430c   0x00000058   Code   RO          740    .text               c_w.l(_printf_hex_int.o)
    0x08004364   0x08004364   0x00000138   Code   RO          770    .text               c_w.l(__printf_flags_wp.o)
    0x0800449c   0x0800449c   0x00000006   Code   RO          781    .text               c_w.l(heapauxi.o)
    0x080044a2   0x080044a2   0x00000002   Code   RO          831    .text               c_w.l(use_no_semi.o)
    0x080044a4   0x080044a4   0x00000016   Code   RO          834    .text               c_w.l(_rserrno.o)
    0x080044ba   0x080044ba   0x000000b2   Code   RO          836    .text               c_w.l(_printf_intcommon.o)
    0x0800456c   0x0800456c   0x0000041e   Code   RO          838    .text               c_w.l(_printf_fp_dec.o)
    0x0800498a   0x0800498a   0x00000002   PAD
    0x0800498c   0x0800498c   0x00000030   Code   RO          840    .text               c_w.l(_printf_char_common.o)
    0x080049bc   0x080049bc   0x0000000a   Code   RO          842    .text               c_w.l(_sputc.o)
    0x080049c6   0x080049c6   0x00000002   PAD
    0x080049c8   0x080049c8   0x00000024   Code   RO          844    .text               c_w.l(_printf_char_file.o)
    0x080049ec   0x080049ec   0x00000008   Code   RO          878    .text               c_w.l(rt_locale_intlibspace.o)
    0x080049f4   0x080049f4   0x00000008   Code   RO          883    .text               c_w.l(rt_errno_addr_intlibspace.o)
    0x080049fc   0x080049fc   0x0000008a   Code   RO          885    .text               c_w.l(lludiv10.o)
    0x08004a86   0x08004a86   0x00000002   PAD
    0x08004a88   0x08004a88   0x00000080   Code   RO          887    .text               c_w.l(_printf_fp_infnan.o)
    0x08004b08   0x08004b08   0x000000e4   Code   RO          891    .text               c_w.l(bigflt0.o)
    0x08004bec   0x08004bec   0x00000008   Code   RO          916    .text               c_w.l(ferror.o)
    0x08004bf4   0x08004bf4   0x00000008   Code   RO          929    .text               c_w.l(libspace.o)
    0x08004bfc   0x08004bfc   0x0000004a   Code   RO          932    .text               c_w.l(sys_stackheap_outer.o)
    0x08004c46   0x08004c46   0x00000012   Code   RO          934    .text               c_w.l(exit.o)
    0x08004c58   0x08004c58   0x00000080   Code   RO          936    .text               c_w.l(strcmpv7m.o)
    0x08004cd8   0x08004cd8   0x0000003e   Code   RO          894    CL$$btod_d2e        c_w.l(btod.o)
    0x08004d16   0x08004d16   0x00000046   Code   RO          896    CL$$btod_d2e_denorm_low  c_w.l(btod.o)
    0x08004d5c   0x08004d5c   0x00000060   Code   RO          895    CL$$btod_d2e_norm_op1  c_w.l(btod.o)
    0x08004dbc   0x08004dbc   0x00000338   Code   RO          904    CL$$btod_div_common  c_w.l(btod.o)
    0x080050f4   0x080050f4   0x000000dc   Code   RO          901    CL$$btod_e2e        c_w.l(btod.o)
    0x080051d0   0x080051d0   0x0000002a   Code   RO          898    CL$$btod_ediv       c_w.l(btod.o)
    0x080051fa   0x080051fa   0x0000002a   Code   RO          897    CL$$btod_emul       c_w.l(btod.o)
    0x08005224   0x08005224   0x00000244   Code   RO          903    CL$$btod_mult_common  c_w.l(btod.o)
    0x08005468   0x08005468   0x00000028   Code   RO          927    i.__ARM_fpclassify  m_ws.l(fpclassify.o)
    0x08005490   0x08005490   0x0000000e   Code   RO          768    i._is_digit         c_w.l(__printf_wp.o)
    0x0800549e   0x0800549e   0x0000004c   Code   RO          824    i.sqrt              m_ws.l(sqrt.o)
    0x080054ea   0x080054ea   0x00000002   PAD
    0x080054ec   0x080054ec   0x0000002c   Code   RO          921    locale$$code        c_w.l(lc_numeric_c.o)
    0x08005518   0x08005518   0x00000062   Code   RO          785    x$fpl$d2f           fz_ws.l(d2f.o)
    0x0800557a   0x0800557a   0x00000002   PAD
    0x0800557c   0x0800557c   0x000002b0   Code   RO          788    x$fpl$ddiv          fz_ws.l(ddiv.o)
    0x0800582c   0x0800582c   0x0000005e   Code   RO          791    x$fpl$dfix          fz_ws.l(dfix.o)
    0x0800588a   0x0800588a   0x00000002   PAD
    0x0800588c   0x0800588c   0x00000154   Code   RO          795    x$fpl$dmul          fz_ws.l(dmul.o)
    0x080059e0   0x080059e0   0x0000009c   Code   RO          849    x$fpl$dnaninf       fz_ws.l(dnaninf.o)
    0x08005a7c   0x08005a7c   0x0000000c   Code   RO          851    x$fpl$dretinf       fz_ws.l(dretinf.o)
    0x08005a88   0x08005a88   0x000001cc   Code   RO          853    x$fpl$dsqrt         fz_ws.l(dsqrt_noumaal.o)
    0x08005c54   0x08005c54   0x00000056   Code   RO          797    x$fpl$f2d           fz_ws.l(f2d.o)
    0x08005caa   0x08005caa   0x00000002   PAD
    0x08005cac   0x08005cac   0x000000c4   Code   RO          799    x$fpl$fadd          fz_ws.l(faddsub_clz.o)
    0x08005d70   0x08005d70   0x00000184   Code   RO          806    x$fpl$fdiv          fz_ws.l(fdiv.o)
    0x08005ef4   0x08005ef4   0x0000003e   Code   RO          809    x$fpl$ffixu         fz_ws.l(ffixu.o)
    0x08005f32   0x08005f32   0x00000002   PAD
    0x08005f34   0x08005f34   0x00000030   Code   RO          814    x$fpl$fflt          fz_ws.l(fflt_clz.o)
    0x08005f64   0x08005f64   0x00000026   Code   RO          813    x$fpl$ffltu         fz_ws.l(fflt_clz.o)
    0x08005f8a   0x08005f8a   0x00000002   PAD
    0x08005f8c   0x08005f8c   0x00000102   Code   RO          819    x$fpl$fmul          fz_ws.l(fmul.o)
    0x0800608e   0x0800608e   0x0000008c   Code   RO          855    x$fpl$fnaninf       fz_ws.l(fnaninf.o)
    0x0800611a   0x0800611a   0x0000000a   Code   RO          857    x$fpl$fretinf       fz_ws.l(fretinf.o)
    0x08006124   0x08006124   0x000000ea   Code   RO          801    x$fpl$fsub          fz_ws.l(faddsub_clz.o)
    0x0800620e   0x0800620e   0x00000004   Code   RO          821    x$fpl$printf1       fz_ws.l(printf1.o)
    0x08006212   0x08006212   0x00000000   Code   RO          859    x$fpl$usenofp       fz_ws.l(usenofp.o)
    0x08006212   0x08006212   0x00002256   Data   RO          680    .constdata          lcd.o
    0x08008468   0x08008468   0x00000028   Data   RO          741    .constdata          c_w.l(_printf_hex_int.o)
    0x08008490   0x08008490   0x00000011   Data   RO          771    .constdata          c_w.l(__printf_flags_wp.o)
    0x080084a1   0x080084a1   0x00000003   PAD
    0x080084a4   0x080084a4   0x00000094   Data   RO          892    .constdata          c_w.l(bigflt0.o)
    0x08008538   0x08008538   0x00000020   Data   RO         1064    Region$$Table       anon$$obj.o
    0x08008558   0x08008558   0x0000001c   Data   RO          920    locale$$data        c_w.l(lc_numeric_c.o)


    Execution Region RW_IRAM1 (Exec base: 0x20000000, Load base: 0x08008574, Size: 0x000011d8, Max: 0x00005000, ABSOLUTE)

    Exec Addr    Load Addr    Size         Type   Attr      Idx    E Section Name        Object

    0x20000000   0x08008574   0x00000014   Data   RW          120    .data               system_stm32f10x.o
    0x20000014   0x08008588   0x00000014   Data   RW          196    .data               stm32f10x_rcc.o
    0x20000028   0x0800859c   0x00000004   Data   RW          432    .data               delay.o
    0x2000002c   0x080085a0   0x00000006   Data   RW          463    .data               usart.o
    0x20000032   0x080085a6   0x00000002   PAD
    0x20000034   0x080085a8   0x00000018   Data   RW          489    .data               main.o
    0x2000004c   0x080085c0   0x00000008   Data   RW          646    .data               timer.o
    0x20000054        -       0x0000003f   Zero   RW          462    .bss                usart.o
    0x20000093   0x080085c8   0x00000001   PAD
    0x20000094        -       0x00000a00   Zero   RW          488    .bss                main.o
    0x20000a94        -       0x000000e0   Zero   RW          645    .bss                timer.o
    0x20000b74        -       0x00000060   Zero   RW          930    .bss                c_w.l(libspace.o)
    0x20000bd4   0x080085c8   0x00000004   PAD
    0x20000bd8        -       0x00000200   Zero   RW          138    HEAP                startup_stm32f10x_md.o
    0x20000dd8        -       0x00000400   Zero   RW          137    STACK               startup_stm32f10x_md.o


==============================================================================

Image component sizes


      Code (inc. data)   RO Data    RW Data    ZI Data      Debug   Object Name

       500         12          0          0          0       1915   ad9833.o
         0          0          0          0          0       4564   core_cm3.o
      1502       1008          0          0          0        272   cr4_fft_256_stm32.o
       208          8          0          4          0        975   delay.o
      2160         24       8790          0          0       9706   lcd.o
       852         14          0          0          0       2186   lcd_init.o
      1032         60          0         24       2560     254860   main.o
       220         22          0          0          0       1721   misc.o
        64         26        236          0       1536        788   startup_stm32f10x_md.o
      1102         26          0          0          0      10961   stm32f10x_adc.o
       596          8          0          0          0       4286   stm32f10x_dma.o
       860         38          0          0          0       5653   stm32f10x_gpio.o
        26          0          0          0          0     266698   stm32f10x_it.o
       932         36          0         20          0       8796   stm32f10x_rcc.o
      3610         88          0          0          0      22764   stm32f10x_tim.o
      1032         22          0          0          0       8380   stm32f10x_usart.o
       798         52          0          0          0       3632   sys.o
       480         38          0         20          0       1703   system_stm32f10x.o
       220         34          0          8        224       1389   timer.o
       396         18          0          6         63       3008   usart.o

    ----------------------------------------------------------------------
     16594       1534       9058         84       4384     614257   Object Totals
         0          0         32          0          0          0   (incl. Generated)
         4          0          0          2          1          0   (incl. Padding)

    ----------------------------------------------------------------------

      Code (inc. data)   RO Data    RW Data    ZI Data      Debug   Library Member Name

         8          0          0          0          0         68   __main.o
       312          4         17          0          0         92   __printf_flags_wp.o
        14          0          0          0          0         68   __printf_wp.o
         0          0          0          0          0          0   __rtentry.o
        12          0          0          0          0          0   __rtentry2.o
         6          0          0          0          0          0   __rtentry4.o
        52          8          0          0          0          0   __scatter.o
        26          0          0          0          0          0   __scatter_copy.o
        28          0          0          0          0          0   __scatter_zi.o
        48          6          0          0          0         96   _printf_char_common.o
        36          4          0          0          0         80   _printf_char_file.o
         6          0          0          0          0          0   _printf_f.o
      1054          0          0          0          0        216   _printf_fp_dec.o
       128         16          0          0          0         84   _printf_fp_infnan.o
        88          4         40          0          0         88   _printf_hex_int.o
       178          0          0          0          0         88   _printf_intcommon.o
        78          0          0          0          0        108   _printf_pad.o
         0          0          0          0          0          0   _printf_percent.o
         4          0          0          0          0          0   _printf_percent_end.o
         6          0          0          0          0          0   _printf_x.o
        22          0          0          0          0        100   _rserrno.o
        10          0          0          0          0         68   _sputc.o
       228          4        148          0          0         96   bigflt0.o
      1936        128          0          0          0        672   btod.o
        18          0          0          0          0         80   exit.o
         8          0          0          0          0         68   ferror.o
         6          0          0          0          0        152   heapauxi.o
        44         10         28          0          0         76   lc_numeric_c.o
         2          0          0          0          0          0   libinit.o
        18          0          0          0          0          0   libinit2.o
         2          0          0          0          0          0   libshutdown.o
         2          0          0          0          0          0   libshutdown2.o
         8          4          0          0         96         68   libspace.o
       138          0          0          0          0         80   lludiv10.o
        24          4          0          0          0         84   noretval__2printf.o
        40          6          0          0          0         84   noretval__2sprintf.o
         8          4          0          0          0         68   rt_errno_addr_intlibspace.o
         8          4          0          0          0         68   rt_locale_intlibspace.o
         2          0          0          0          0          0   rtexit.o
        10          0          0          0          0          0   rtexit2.o
       128          0          0          0          0         68   strcmpv7m.o
        74          0          0          0          0         80   sys_stackheap_outer.o
         2          0          0          0          0         68   use_no_semi.o
         2          0          0          0          0         68   use_no_semi_2.o
        98          4          0          0          0         92   d2f.o
       688        140          0          0          0        208   ddiv.o
        94          4          0          0          0         92   dfix.o
       340         12          0          0          0        104   dmul.o
       156          4          0          0          0         92   dnaninf.o
        12          0          0          0          0         68   dretinf.o
       460         56          0          0          0        120   dsqrt_noumaal.o
        86          4          0          0          0         84   f2d.o
       430          8          0          0          0        168   faddsub_clz.o
       388         76          0          0          0         96   fdiv.o
        62          4          0          0          0         84   ffixu.o
        86          0          0          0          0        136   fflt_clz.o
       258          4          0          0          0         84   fmul.o
       140          4          0          0          0         84   fnaninf.o
        10          0          0          0          0         68   fretinf.o
         4          0          0          0          0         68   printf1.o
         0          0          0          0          0          0   usenofp.o
        40          0          0          0          0         68   fpclassify.o
        76          0          0          0          0         84   sqrt.o

    ----------------------------------------------------------------------
      8276        526        236          0        100       4836   Library Totals
        24          0          3          0          4          0   (incl. Padding)

    ----------------------------------------------------------------------

      Code (inc. data)   RO Data    RW Data    ZI Data      Debug   Library Name

      4824        206        233          0         96       3036   c_w.l
      3312        320          0          0          0       1648   fz_ws.l
       116          0          0          0          0        152   m_ws.l

    ----------------------------------------------------------------------
      8276        526        236          0        100       4836   Library Totals

    ----------------------------------------------------------------------

==============================================================================


      Code (inc. data)   RO Data    RW Data    ZI Data      Debug   

     24870       2060       9294         84       4484     614773   Grand Totals
     24870       2060       9294         84       4484     614773   ELF Image Totals
     24870       2060       9294         84          0          0   ROM Totals

==============================================================================

    Total RO  Size (Code + RO Data)                34164 (  33.36kB)
    Total RW  Size (RW Data + ZI Data)              4568 (   4.46kB)
    Total ROM Size (Code + RO Data + RW Data)      34248 (  33.45kB)

==============================================================================

